
Cadence Innovus(TM) Implementation System.
Copyright 2021 Cadence Design Systems, Inc. All rights reserved worldwide.

Version:	v21.15-s110_1, built Fri Sep 23 13:08:12 PDT 2022
Options:	
Date:		Sat Aug 29 08:50:19 2026
Host:		cad07 (x86_64 w/Linux 4.18.0-425.3.1.el8.x86_64) (4cores*4cpus*Intel(R) Core(TM) i5-7400 CPU @ 3.00GHz 6144KB)
OS:		Red Hat Enterprise Linux release 8.7 (Ootpa)

License:
		[08:50:19.395705] Configured Lic search path (21.01-s002): 5280@CadenceServer

		invs	Innovus Implementation System	21.1	checkout succeeded
		8 CPU jobs allowed with the current license(s). Use setMultiCpuUsage to set your required CPU count.
Change the soft stacksize limit to 0.2%RAM (15 mbytes). Set global soft_stack_size_limit to change the value.

**INFO:  MMMC transition support version v31-84 

<CMD> set_global _enable_mmmc_by_default_flow      $CTE::mmmc_default
<CMD> suppressMessage ENCEXT-2799
<CMD> getVersion
[INFO] Loading PVS 22.20 fill procedures
<CMD> win
<CMD> save_global Default.globals
<CMD> set init_gnd_net VSS
<CMD> set init_lef_file {../../jakir/45nm_Library/lef/gsclib045_tech.lef ../../jakir/45nm_Library/lef/gsclib045_macro.lef ../../jakir/45nm_Library/lef/giolib045.lef ../../jakir/45nm_Library/lef/pdkIO.lef}
<CMD> set init_verilog soccon_netlist_dft.v
<CMD> set init_mmmc_file Default.view
<CMD> set init_io_file soccon.io
<CMD> set init_pwr_net VDD
<CMD> init_design
#% Begin Load MMMC data ... (date=08/29 08:53:28, mem=1008.4M)
**ERROR: (TCLCMD-995):	Can not open file '../../45nm_Library/captable/cln28hpl_1p10m+alrdl_5x2yu2yz_typical.capTbl' for RC corner
<CMD> set init_gnd_net VSS
<CMD> set init_lef_file {../../jakir/45nm_Library/lef/gsclib045_tech.lef ../../jakir/45nm_Library/lef/gsclib045_macro.lef ../../jakir/45nm_Library/lef/giolib045.lef ../../jakir/45nm_Library/lef/pdkIO.lef}
<CMD> set init_verilog soccon_netlist_dft.v
<CMD> set init_mmmc_file Default.view
<CMD> set init_io_file soccon.io
<CMD> set init_pwr_net VDD
<CMD> init_design
% Begin Load MMMC data ... (date=08/29 08:53:34, mem=1008.6M)
**ERROR: (TCLCMD-995):	Can not open file '../../45nm_Library/captable/cln28hpl_1p10m+alrdl_5x2yu2yz_typical.capTbl' for RC corner
<CMD> set init_gnd_net VSS
<CMD> set init_lef_file {../../jakir/45nm_Library/lef/gsclib045_tech.lef ../../jakir/45nm_Library/lef/gsclib045_macro.lef ../../jakir/45nm_Library/lef/giolib045.lef ../../jakir/45nm_Library/lef/pdkIO.lef}
<CMD> set init_verilog soccon_netlist_dft.v
<CMD> set init_mmmc_file Default.view
<CMD> set init_io_file soccon.io
<CMD> set init_pwr_net VDD
<CMD> init_design
% Begin Load MMMC data ... (date=08/29 08:53:34, mem=1008.6M)
**ERROR: (TCLCMD-995):	Can not open file '../../45nm_Library/captable/cln28hpl_1p10m+alrdl_5x2yu2yz_typical.capTbl' for RC corner
<CMD> set init_gnd_net VSS
<CMD> set init_lef_file {../../jakir/45nm_Library/lef/gsclib045_tech.lef ../../jakir/45nm_Library/lef/gsclib045_macro.lef ../../jakir/45nm_Library/lef/giolib045.lef ../../jakir/45nm_Library/lef/pdkIO.lef}
<CMD> set init_verilog soccon_netlist_dft.v
<CMD> set init_mmmc_file Default.view
<CMD> set init_io_file soccon.io
<CMD> set init_pwr_net VDD
<CMD> init_design
% Begin Load MMMC data ... (date=08/29 08:53:35, mem=1008.6M)
**ERROR: (TCLCMD-995):	Can not open file '../../45nm_Library/captable/cln28hpl_1p10m+alrdl_5x2yu2yz_typical.capTbl' for RC corner
<CMD> set init_gnd_net VSS
<CMD> set init_lef_file {../../jakir/45nm_Library/lef/gsclib045_tech.lef ../../jakir/45nm_Library/lef/gsclib045_macro.lef ../../jakir/45nm_Library/lef/giolib045.lef ../../jakir/45nm_Library/lef/pdkIO.lef}
<CMD> set init_verilog soccon_netlist_dft.v
<CMD> set init_mmmc_file Default.view
<CMD> set init_io_file soccon.io
<CMD> set init_pwr_net VDD
<CMD> init_design
% Begin Load MMMC data ... (date=08/29 08:53:35, mem=1008.6M)
**ERROR: (TCLCMD-995):	Can not open file '../../45nm_Library/captable/cln28hpl_1p10m+alrdl_5x2yu2yz_typical.capTbl' for RC corner
<CMD> set init_gnd_net VSS
<CMD> set init_lef_file {../../jakir/45nm_Library/lef/gsclib045_tech.lef ../../jakir/45nm_Library/lef/gsclib045_macro.lef ../../jakir/45nm_Library/lef/giolib045.lef ../../jakir/45nm_Library/lef/pdkIO.lef}
<CMD> set init_verilog soccon_netlist_dft.v
<CMD> set init_mmmc_file Default.view
<CMD> set init_io_file soccon.io
<CMD> set init_pwr_net VDD
<CMD> init_design
% Begin Load MMMC data ... (date=08/29 08:53:35, mem=1008.6M)
**ERROR: (TCLCMD-995):	Can not open file '../../45nm_Library/captable/cln28hpl_1p10m+alrdl_5x2yu2yz_typical.capTbl' for RC corner
<CMD> save_global Default.globals
<CMD> set init_gnd_net VSS
<CMD> set init_lef_file {../../jakir/45nm_Library/lef/gsclib045_tech.lef ../../jakir/45nm_Library/lef/gsclib045_macro.lef ../../jakir/45nm_Library/lef/giolib045.lef ../../jakir/45nm_Library/lef/pdkIO.lef}
<CMD> set init_verilog soccon_netlist_dft.v
<CMD> set init_mmmc_file Default.view
<CMD> set init_io_file soccon.io
<CMD> set init_pwr_net VDD
<CMD> init_design
% Begin Load MMMC data ... (date=08/29 08:58:26, mem=1018.2M)
% End Load MMMC data ... (date=08/29 08:58:26, total cpu=0:00:00.0, real=0:00:00.0, peak res=1018.8M, current mem=1018.8M)
rc

Loading LEF file ../../jakir/45nm_Library/lef/gsclib045_tech.lef ...

Loading LEF file ../../jakir/45nm_Library/lef/gsclib045_macro.lef ...
Set DBUPerIGU to M2 pitch 400.

Loading LEF file ../../jakir/45nm_Library/lef/giolib045.lef ...

Loading LEF file ../../jakir/45nm_Library/lef/pdkIO.lef ...
**WARN: (IMPLF-200):	Pin 'PAD' in macro 'PADI' has no ANTENNAGATEAREA value defined. The library data is incomplete and some process antenna rules will not be checked correctly.
Type 'man IMPLF-200' for more detail.
**WARN: (IMPLF-201):	Pin 'OUT' in macro 'PADI' has no ANTENNADIFFAREA value defined. The library data is incomplete and some process antenna rules will not be checked correctly.
Type 'man IMPLF-201' for more detail.
**WARN: (IMPLF-201):	Pin 'PAD' in macro 'PADO' has no ANTENNADIFFAREA value defined. The library data is incomplete and some process antenna rules will not be checked correctly.
Type 'man IMPLF-201' for more detail.
**WARN: (IMPLF-200):	Pin 'IN' in macro 'PADO' has no ANTENNAGATEAREA value defined. The library data is incomplete and some process antenna rules will not be checked correctly.
Type 'man IMPLF-200' for more detail.
**WARN: (IMPLF-201):	Pin 'PAD' in macro 'PADIO' has no ANTENNADIFFAREA value defined. The library data is incomplete and some process antenna rules will not be checked correctly.
Type 'man IMPLF-201' for more detail.
**WARN: (IMPLF-200):	Pin 'PAD' in macro 'PADIO' has no ANTENNAGATEAREA value defined. The library data is incomplete and some process antenna rules will not be checked correctly.
Type 'man IMPLF-200' for more detail.
**WARN: (IMPLF-200):	Pin 'OEN' in macro 'PADIO' has no ANTENNAGATEAREA value defined. The library data is incomplete and some process antenna rules will not be checked correctly.
Type 'man IMPLF-200' for more detail.
**WARN: (IMPLF-200):	Pin 'IN' in macro 'PADIO' has no ANTENNAGATEAREA value defined. The library data is incomplete and some process antenna rules will not be checked correctly.
Type 'man IMPLF-200' for more detail.
**WARN: (IMPLF-201):	Pin 'OUT' in macro 'PADIO' has no ANTENNADIFFAREA value defined. The library data is incomplete and some process antenna rules will not be checked correctly.
Type 'man IMPLF-201' for more detail.
**WARN: (IMPLF-200):	Pin 'VDDPAD25' in macro 'padIORINGFEED60' has no ANTENNAGATEAREA value defined. The library data is incomplete and some process antenna rules will not be checked correctly.
Type 'man IMPLF-200' for more detail.
**WARN: (IMPLF-200):	Pin 'VSSPAD' in macro 'padIORINGFEED60' has no ANTENNAGATEAREA value defined. The library data is incomplete and some process antenna rules will not be checked correctly.
Type 'man IMPLF-200' for more detail.
**WARN: (IMPLF-200):	Pin 'VDDPAD25' in macro 'padIORINGFEED5' has no ANTENNAGATEAREA value defined. The library data is incomplete and some process antenna rules will not be checked correctly.
Type 'man IMPLF-200' for more detail.
**WARN: (IMPLF-200):	Pin 'VSSPAD' in macro 'padIORINGFEED5' has no ANTENNAGATEAREA value defined. The library data is incomplete and some process antenna rules will not be checked correctly.
Type 'man IMPLF-200' for more detail.
**WARN: (IMPLF-200):	Pin 'VDDPAD25' in macro 'padIORINGFEED3' has no ANTENNAGATEAREA value defined. The library data is incomplete and some process antenna rules will not be checked correctly.
Type 'man IMPLF-200' for more detail.
**WARN: (IMPLF-200):	Pin 'VSSPAD' in macro 'padIORINGFEED3' has no ANTENNAGATEAREA value defined. The library data is incomplete and some process antenna rules will not be checked correctly.
Type 'man IMPLF-200' for more detail.
**WARN: (IMPLF-200):	Pin 'VDDPAD25' in macro 'padIORINGFEED10' has no ANTENNAGATEAREA value defined. The library data is incomplete and some process antenna rules will not be checked correctly.
Type 'man IMPLF-200' for more detail.
**WARN: (IMPLF-200):	Pin 'VSSPAD' in macro 'padIORINGFEED10' has no ANTENNAGATEAREA value defined. The library data is incomplete and some process antenna rules will not be checked correctly.
Type 'man IMPLF-200' for more detail.
**WARN: (IMPLF-200):	Pin 'VDDPAD25' in macro 'padIORINGFEED1' has no ANTENNAGATEAREA value defined. The library data is incomplete and some process antenna rules will not be checked correctly.
Type 'man IMPLF-200' for more detail.
**WARN: (IMPLF-200):	Pin 'VSSPAD' in macro 'padIORINGFEED1' has no ANTENNAGATEAREA value defined. The library data is incomplete and some process antenna rules will not be checked correctly.
Type 'man IMPLF-200' for more detail.
**WARN: (IMPLF-200):	Pin 'VSS25' in macro 'PADVSS25' has no ANTENNAGATEAREA value defined. The library data is incomplete and some process antenna rules will not be checked correctly.
Type 'man IMPLF-200' for more detail.
**WARN: (IMPLF-200):	Pin 'VDD25' in macro 'PADVDD25' has no ANTENNAGATEAREA value defined. The library data is incomplete and some process antenna rules will not be checked correctly.
Type 'man IMPLF-200' for more detail.
**WARN: (IMPLF-200):	Pin 'OEN' in macro 'PADDOZ' has no ANTENNAGATEAREA value defined. The library data is incomplete and some process antenna rules will not be checked correctly.
Type 'man IMPLF-200' for more detail.
**WARN: (IMPLF-200):	Pin 'A' in macro 'PADDOZ' has no ANTENNAGATEAREA value defined. The library data is incomplete and some process antenna rules will not be checked correctly.
Type 'man IMPLF-200' for more detail.
**WARN: (IMPLF-201):	Pin 'PAD' in macro 'PADDOZ' has no ANTENNADIFFAREA value defined. The library data is incomplete and some process antenna rules will not be checked correctly.
Type 'man IMPLF-201' for more detail.
**WARN: (IMPLF-200):	Pin 'A' in macro 'PADDO' has no ANTENNAGATEAREA value defined. The library data is incomplete and some process antenna rules will not be checked correctly.
Type 'man IMPLF-200' for more detail.
**WARN: (IMPLF-201):	Pin 'PAD' in macro 'PADDO' has no ANTENNADIFFAREA value defined. The library data is incomplete and some process antenna rules will not be checked correctly.
Type 'man IMPLF-201' for more detail.
**WARN: (IMPLF-201):	Pin 'PAD' in macro 'PADDI' has no ANTENNADIFFAREA value defined. The library data is incomplete and some process antenna rules will not be checked correctly.
Type 'man IMPLF-201' for more detail.
**WARN: (EMS-27):	Message (IMPLF-200) has exceeded the current message display limit of 20.
To increase the message display limit, refer to the product command reference manual.
**WARN: (IMPLF-201):	Pin 'Y' in macro 'PADDI' has no ANTENNADIFFAREA value defined. The library data is incomplete and some process antenna rules will not be checked correctly.
Type 'man IMPLF-201' for more detail.
**WARN: (IMPLF-201):	Pin 'Y' in macro 'PADDB' has no ANTENNADIFFAREA value defined. The library data is incomplete and some process antenna rules will not be checked correctly.
Type 'man IMPLF-201' for more detail.
**WARN: (IMPLF-201):	Pin 'PAD' in macro 'PADDB' has no ANTENNADIFFAREA value defined. The library data is incomplete and some process antenna rules will not be checked correctly.
Type 'man IMPLF-201' for more detail.

##  Check design process and node:  
##  Both design process and tech node are not set.

Loading view definition file from Default.view
Reading slow timing library '/home/kite/Desktop/jakir/45nm_Library/lib/slow_vdd1v0_basicCells.lib' ...
**WARN: (TECHLIB-302):	No function defined for cell 'ANTENNA'. The cell will only be used for analysis. (File /home/kite/Desktop/jakir/45nm_Library/lib/slow_vdd1v0_basicCells.lib)
Read 480 cells in library 'slow_vdd1v0' 
Reading fast timing library '/home/kite/Desktop/jakir/45nm_Library/lib/fast_vdd1v0_basicCells.lib' ...
**WARN: (TECHLIB-302):	No function defined for cell 'ANTENNA'. The cell will only be used for analysis. (File /home/kite/Desktop/jakir/45nm_Library/lib/fast_vdd1v0_basicCells.lib)
Read 480 cells in library 'fast_vdd1v0' 
*** End library_loading (cpu=0.01min, real=0.02min, mem=33.9M, fe_cpu=1.73min, fe_real=8.13min, fe_mem=1064.4M) ***
% Begin Load netlist data ... (date=08/29 08:58:27, mem=1043.7M)
*** Begin netlist parsing (mem=1064.4M) ***
Created 480 new cells from 2 timing libraries.
Reading netlist ...
Backslashed names will retain backslash and a trailing blank character.
Reading verilog netlist 'soccon_netlist_dft.v'

*** Memory Usage v#1 (Current mem = 1064.395M, initial mem = 483.863M) ***
*** End netlist parsing (cpu=0:00:00.0, real=0:00:00.0, mem=1064.4M) ***
% End Load netlist data ... (date=08/29 08:58:27, total cpu=0:00:00.0, real=0:00:00.0, peak res=1057.4M, current mem=1057.4M)
Top level cell is low_power_soc.
Hooked 960 DB cells to tlib cells.
Starting recursive module instantiation check.
No recursion found.
Building hierarchical netlist for Cell low_power_soc ...
*** Netlist is unique.
** info: there are 1080 modules.
** info: there are 18 stdCell insts.
** info: there are 20 Pad insts.

*** Memory Usage v#1 (Current mem = 1120.809M, initial mem = 483.863M) ***
Reading IO assignment file "soccon.io" ...
Adjusting Core to Bottom to: 0.1600.
**WARN: (IMPFP-3961):	The techSite 'Corner' has no related standard cells in the LEF/OA library. The calculations for this site type cannot be made unless standard cell models of this type exist in the LEF/OA library. Ignore this warning if the SITE is not used by the library. Alternatively, remove the SITE definition for the LEF/OA library to avoid this message.
Type 'man IMPFP-3961' for more detail.
**WARN: (IMPFP-3961):	The techSite 'Pad' has no related standard cells in the LEF/OA library. The calculations for this site type cannot be made unless standard cell models of this type exist in the LEF/OA library. Ignore this warning if the SITE is not used by the library. Alternatively, remove the SITE definition for the LEF/OA library to avoid this message.
Type 'man IMPFP-3961' for more detail.
**WARN: (IMPFP-3961):	The techSite 'corner' has no related standard cells in the LEF/OA library. The calculations for this site type cannot be made unless standard cell models of this type exist in the LEF/OA library. Ignore this warning if the SITE is not used by the library. Alternatively, remove the SITE definition for the LEF/OA library to avoid this message.
Type 'man IMPFP-3961' for more detail.
**WARN: (IMPFP-3961):	The techSite 'pad' has no related standard cells in the LEF/OA library. The calculations for this site type cannot be made unless standard cell models of this type exist in the LEF/OA library. Ignore this warning if the SITE is not used by the library. Alternatively, remove the SITE definition for the LEF/OA library to avoid this message.
Type 'man IMPFP-3961' for more detail.
**WARN: (IMPFP-3961):	The techSite 'CornerSite' has no related standard cells in the LEF/OA library. The calculations for this site type cannot be made unless standard cell models of this type exist in the LEF/OA library. Ignore this warning if the SITE is not used by the library. Alternatively, remove the SITE definition for the LEF/OA library to avoid this message.
Type 'man IMPFP-3961' for more detail.
**WARN: (IMPFP-3961):	The techSite 'IOSite' has no related standard cells in the LEF/OA library. The calculations for this site type cannot be made unless standard cell models of this type exist in the LEF/OA library. Ignore this warning if the SITE is not used by the library. Alternatively, remove the SITE definition for the LEF/OA library to avoid this message.
Type 'man IMPFP-3961' for more detail.
Start create_tracks
Extraction setup Started 
Initializing multi-corner RC extraction with 1 active RC Corners ...
**WARN: (IMPEXT-6202):	In addition to the technology file, the capacitance table file is specified for all the RC corners. If the technology file  is already specified for all the RC corners, the capacitance table file is not required for preRoute and postRoute extraction. In a new session, the capacitance table files can be removed from the create_rc_corner command to enable the technology file to be used for preRoute and postRoute (effort level medium/high/signoff) extraction engines.
Type 'man IMPEXT-6202' for more detail.
Reading Capacitance Table File ../../jakir/45nm_Library/captable/cln28hpl_1p10m+alrdl_5x2yu2yz_typical.capTbl ...
Cap table was created using Encounter 10.10-b056_1.
Process name: cln28hpl_1p10m+alrdl_5x2yu2yz_typical.
Set Shrink Factor to 0.90000
Importing multi-corner RC tables ... 
Summary of Active RC-Corners : 
 
 Analysis View: worst
    RC-Corner Name        : rc
    RC-Corner Index       : 0
    RC-Corner Temperature : 125 Celsius
    RC-Corner Cap Table   : '../../jakir/45nm_Library/captable/cln28hpl_1p10m+alrdl_5x2yu2yz_typical.capTbl'
    RC-Corner PreRoute Res Factor         : 1
    RC-Corner PreRoute Cap Factor         : 1
    RC-Corner PostRoute Res Factor        : 1 {1 1 1}
    RC-Corner PostRoute Cap Factor        : 1 {1 1 1}
    RC-Corner PostRoute XCap Factor       : 1 {1 1 1}
    RC-Corner PreRoute Clock Res Factor   : 1	[Derived from postRoute_res (effortLevel low)]
    RC-Corner PreRoute Clock Cap Factor   : 1	[Derived from postRoute_cap (effortLevel low)]
    RC-Corner PostRoute Clock Cap Factor  : 1 {1 1 1} 	[Derived from postRoute_cap (effortLevel low)]
    RC-Corner PostRoute Clock Res Factor  : 1 {1 1 1} 	[Derived from postRoute_res (effortLevel low)]
    RC-Corner PostRoute Clock coupling capacitance Factor : 1 {1 1 1} 
    RC-Corner Technology file: '../../jakir/45nm_Library/QRC_Tech/gpdk045.tch'
 
 Analysis View: best
    RC-Corner Name        : rc
    RC-Corner Index       : 0
    RC-Corner Temperature : 125 Celsius
    RC-Corner Cap Table   : '../../jakir/45nm_Library/captable/cln28hpl_1p10m+alrdl_5x2yu2yz_typical.capTbl'
    RC-Corner PreRoute Res Factor         : 1
    RC-Corner PreRoute Cap Factor         : 1
    RC-Corner PostRoute Res Factor        : 1 {1 1 1}
    RC-Corner PostRoute Cap Factor        : 1 {1 1 1}
    RC-Corner PostRoute XCap Factor       : 1 {1 1 1}
    RC-Corner PreRoute Clock Res Factor   : 1	[Derived from postRoute_res (effortLevel low)]
    RC-Corner PreRoute Clock Cap Factor   : 1	[Derived from postRoute_cap (effortLevel low)]
    RC-Corner PostRoute Clock Cap Factor  : 1 {1 1 1} 	[Derived from postRoute_cap (effortLevel low)]
    RC-Corner PostRoute Clock Res Factor  : 1 {1 1 1} 	[Derived from postRoute_res (effortLevel low)]
    RC-Corner PostRoute Clock coupling capacitance Factor : 1 {1 1 1} 
    RC-Corner Technology file: '../../jakir/45nm_Library/QRC_Tech/gpdk045.tch'
Updating RC grid for preRoute extraction ...
Initializing multi-corner capacitance tables ... 
Initializing multi-corner resistance tables ...
Creating RPSQ from WeeR and WRes ...
*Info: initialize multi-corner CTS.
Reading timing constraints file 'soccon_dft.sdc' ...
Current (total cpu=0:01:44, real=0:08:09, peak res=1359.9M, current mem=1359.9M)
**WARN: (TCLCMD-1461):	Skipped unsupported command: set_units (File soccon_dft.sdc, Line 9).

**WARN: (TCLCMD-1461):	Skipped unsupported command: set_units (File soccon_dft.sdc, Line 10).

low_power_soc
INFO (CTE): Reading of timing constraints file soccon_dft.sdc completed, with 2 WARNING
Ending "Constraint file reading stats" (total cpu=0:00:00.0, real=0:00:00.0, peak res=1378.8M, current mem=1378.8M)
Current (total cpu=0:01:44, real=0:08:09, peak res=1378.8M, current mem=1378.8M)
Total number of combinational cells: 318
Total number of sequential cells: 152
Total number of tristate cells: 10
Total number of level shifter cells: 0
Total number of power gating cells: 0
Total number of isolation cells: 0
Total number of power switch cells: 0
Total number of pulse generator cells: 0
Total number of always on buffers: 0
Total number of retention cells: 0
List of usable buffers: BUFX2 BUFX12 BUFX16 BUFX20 CLKBUFX2 BUFX3 BUFX4 BUFX6 BUFX8 CLKBUFX12 CLKBUFX16 CLKBUFX20 CLKBUFX3 CLKBUFX4 CLKBUFX6 CLKBUFX8
Total number of usable buffers: 16
List of unusable buffers:
Total number of unusable buffers: 0
List of usable inverters: CLKINVX1 CLKINVX2 CLKINVX12 CLKINVX16 CLKINVX20 CLKINVX4 CLKINVX3 CLKINVX6 CLKINVX8 INVX1 INVX2 INVX12 INVX16 INVX20 INVXL INVX3 INVX4 INVX6 INVX8
Total number of usable inverters: 19
List of unusable inverters:
Total number of unusable inverters: 0
List of identified usable delay cells: DLY1X1 DLY1X4 DLY2X1 DLY2X4 DLY3X1 DLY3X4 DLY4X1 DLY4X4
Total number of identified usable delay cells: 8
List of identified unusable delay cells:
Total number of identified unusable delay cells: 0
**WARN: (IMPSYC-2):	Timing information is not defined for cell PADDO; Check the timing library (.lib) file and make sure the timing information exists for the cell and you can run the checkTimingLibrary command to verify if the timing library has complete information after the design is loaded.
Type 'man IMPSYC-2' for more detail.
**WARN: (IMPSYC-2):	Timing information is not defined for cell PADDI; Check the timing library (.lib) file and make sure the timing information exists for the cell and you can run the checkTimingLibrary command to verify if the timing library has complete information after the design is loaded.
Type 'man IMPSYC-2' for more detail.
<CMD> getIoFlowFlag
<CMD> setIoFlowFlag 0
<CMD> floorPlan -site CoreSite -r 1 0.7 7 7 7 7
Adjusting Core to Bottom to: 7.1900.
**WARN: (IMPFP-3961):	The techSite 'Corner' has no related standard cells in the LEF/OA library. The calculations for this site type cannot be made unless standard cell models of this type exist in the LEF/OA library. Ignore this warning if the SITE is not used by the library. Alternatively, remove the SITE definition for the LEF/OA library to avoid this message.
Type 'man IMPFP-3961' for more detail.
**WARN: (IMPFP-3961):	The techSite 'Pad' has no related standard cells in the LEF/OA library. The calculations for this site type cannot be made unless standard cell models of this type exist in the LEF/OA library. Ignore this warning if the SITE is not used by the library. Alternatively, remove the SITE definition for the LEF/OA library to avoid this message.
Type 'man IMPFP-3961' for more detail.
**WARN: (IMPFP-3961):	The techSite 'corner' has no related standard cells in the LEF/OA library. The calculations for this site type cannot be made unless standard cell models of this type exist in the LEF/OA library. Ignore this warning if the SITE is not used by the library. Alternatively, remove the SITE definition for the LEF/OA library to avoid this message.
Type 'man IMPFP-3961' for more detail.
**WARN: (IMPFP-3961):	The techSite 'pad' has no related standard cells in the LEF/OA library. The calculations for this site type cannot be made unless standard cell models of this type exist in the LEF/OA library. Ignore this warning if the SITE is not used by the library. Alternatively, remove the SITE definition for the LEF/OA library to avoid this message.
Type 'man IMPFP-3961' for more detail.
**WARN: (IMPFP-3961):	The techSite 'CornerSite' has no related standard cells in the LEF/OA library. The calculations for this site type cannot be made unless standard cell models of this type exist in the LEF/OA library. Ignore this warning if the SITE is not used by the library. Alternatively, remove the SITE definition for the LEF/OA library to avoid this message.
Type 'man IMPFP-3961' for more detail.
**WARN: (IMPFP-3961):	The techSite 'IOSite' has no related standard cells in the LEF/OA library. The calculations for this site type cannot be made unless standard cell models of this type exist in the LEF/OA library. Ignore this warning if the SITE is not used by the library. Alternatively, remove the SITE definition for the LEF/OA library to avoid this message.
Type 'man IMPFP-3961' for more detail.
Start create_tracks
**WARN: (IMPFP-325):	Floorplan of the design is resized. All current floorplan objects are automatically derived based on specified new floorplan. This may change blocks, fixed standard cells, existing routes and blockages.
<CMD> uiSetTool select
<CMD> getIoFlowFlag
<CMD> fit
<CMD> clearGlobalNets
<CMD> globalNetConnect VDD -type pgpin -pin VDD -instanceBasename * -hierarchicalInstance {}
<CMD> globalNetConnect VSS -type pgpin -pin VSS -instanceBasename * -hierarchicalInstance {}
<CMD> set sprCreateIeRingOffset 1.0
<CMD> set sprCreateIeRingThreshold 1.0
<CMD> set sprCreateIeRingJogDistance 1.0
<CMD> set sprCreateIeRingLayers {}
<CMD> set sprCreateIeRingOffset 1.0
<CMD> set sprCreateIeRingThreshold 1.0
<CMD> set sprCreateIeRingJogDistance 1.0
<CMD> set sprCreateIeRingLayers {}
<CMD> set sprCreateIeStripeWidth 10.0
<CMD> set sprCreateIeStripeThreshold 1.0
<CMD> set sprCreateIeStripeWidth 10.0
<CMD> set sprCreateIeStripeThreshold 1.0
<CMD> set sprCreateIeRingOffset 1.0
<CMD> set sprCreateIeRingThreshold 1.0
<CMD> set sprCreateIeRingJogDistance 1.0
<CMD> set sprCreateIeRingLayers {}
<CMD> set sprCreateIeStripeWidth 10.0
<CMD> set sprCreateIeStripeThreshold 1.0

viaInitial starts at Sat Aug 29 09:00:34 2026
viaInitial ends at Sat Aug 29 09:00:34 2026
<CMD> setAddRingMode -ring_target default -extend_over_row 0 -ignore_rows 0 -avoid_short 0 -skip_crossing_trunks none -stacked_via_top_layer Metal11 -stacked_via_bottom_layer Metal1 -via_using_exact_crossover_size 1 -orthogonal_only true -skip_via_on_pin {  standardcell } -skip_via_on_wire_shape {  noshape }
The ring targets are set to core/block ring wires.
addRing command will consider rows while creating rings.
addRing command will disallow rings to go over rows.
addRing command will ignore shorts while creating rings.
<CMD> addRing -nets {VSS VDD} -type core_rings -follow core -layer {top Metal11 bottom Metal11 left Metal10 right Metal10} -width {top 1.8 bottom 1.8 left 1.8 right 1.8} -spacing {top 0.45 bottom 0.45 left 0.45 right 0.45} -offset {top 1.8 bottom 1.8 left 1.8 right 1.8} -center 1 -threshold 0 -jog_distance 0 -snap_wire_center_to_grid None

Loading cell geometries (cpu: 0:00:00.0, real: 0:00:00.0, peak mem: 1456.7M)
Ring generation is complete.
vias are now being generated.
addRing created 8 wires.
ViaGen created 8 vias, deleted 0 via to avoid violation.
+--------+----------------+----------------+
|  Layer |     Created    |     Deleted    |
+--------+----------------+----------------+
| Metal10|        4       |       NA       |
|  Via10 |        8       |        0       |
| Metal11|        4       |       NA       |
+--------+----------------+----------------+
<CMD> set sprCreateIeRingOffset 1.0
<CMD> set sprCreateIeRingThreshold 1.0
<CMD> set sprCreateIeRingJogDistance 1.0
<CMD> set sprCreateIeRingLayers {}
<CMD> set sprCreateIeRingOffset 1.0
<CMD> set sprCreateIeRingThreshold 1.0
<CMD> set sprCreateIeRingJogDistance 1.0
<CMD> set sprCreateIeRingLayers {}
<CMD> set sprCreateIeStripeWidth 10.0
<CMD> set sprCreateIeStripeThreshold 1.0
<CMD> set sprCreateIeStripeWidth 10.0
<CMD> set sprCreateIeStripeThreshold 1.0
<CMD> set sprCreateIeRingOffset 1.0
<CMD> set sprCreateIeRingThreshold 1.0
<CMD> set sprCreateIeRingJogDistance 1.0
<CMD> set sprCreateIeRingLayers {}
<CMD> set sprCreateIeStripeWidth 10.0
<CMD> set sprCreateIeStripeThreshold 1.0
<CMD> setAddStripeMode -ignore_block_check false -break_at none -route_over_rows_only false -rows_without_stripes_only false -extend_to_closest_target none -stop_at_last_wire_for_area false -partial_set_thru_domain false -ignore_nondefault_domains false -trim_antenna_back_to_shape none -spacing_type edge_to_edge -spacing_from_block 0 -stripe_min_length stripe_width -stacked_via_top_layer Metal11 -stacked_via_bottom_layer Metal1 -via_using_exact_crossover_size false -split_vias false -orthogonal_only true -allow_jog { padcore_ring  block_ring } -skip_via_on_pin {  standardcell } -skip_via_on_wire_shape {  noshape   }
addStripe will allow jog to connect padcore ring and block ring.

Stripes will stop at the boundary of the specified area.
When breaking rings, the power planner will consider the existence of blocks.
Stripes will not extend to closest target.
The power planner will set stripe antenna targets to none (no trimming allowed).
Stripes will not be created over regions without power planning wires.
The entire stripe set will break at the domain if one of the nets is not in the domain.
addStripe will break automatically at non-default domains when generating global stripes over the core area or default domain.
Offset for stripe breaking is set to 0.
<CMD> addStripe -nets {VDD VSS} -layer Metal10 -direction vertical -width 1.8 -spacing 0.45 -number_of_sets 5 -start_from left -switch_layer_over_obs false -max_same_layer_jog_length 2 -padcore_ring_top_layer_limit Metal11 -padcore_ring_bottom_layer_limit Metal1 -block_ring_top_layer_limit Metal11 -block_ring_bottom_layer_limit Metal1 -use_wire_group 0 -snap_wire_center_to_grid None

Initialize fgc environment(mem: 1461.5M) ...  fail and won't use fgc to check drc(cpu: 0:00:00.0, real: 0:00:00.0, peak mem: 1461.5M)
Loading cell geometries (cpu: 0:00:00.0, real: 0:00:00.0, peak mem: 1461.5M)
Loading wires (cpu: 0:00:00.0, real: 0:00:00.0, peak mem: 1461.5M)
Loading via instances (cpu: 0:00:00.0, real: 0:00:00.0, peak mem: 1461.5M)
Starting stripe generation ...
Non-Default Mode Option Settings :
  NONE
Stripe generation is complete.
vias are now being generated.
addStripe created 10 wires.
ViaGen created 20 vias, deleted 0 via to avoid violation.
+--------+----------------+----------------+
|  Layer |     Created    |     Deleted    |
+--------+----------------+----------------+
| Metal10|       10       |       NA       |
|  Via10 |       20       |        0       |
+--------+----------------+----------------+
<CMD> setSrouteMode -viaConnectToShape { noshape }
<CMD> sroute -connect { blockPin padPin padRing corePin floatingStripe } -layerChangeRange { Metal1(1) Metal11(11) } -blockPinTarget { nearestTarget } -padPinPortConnect { allPort oneGeom } -padPinTarget { nearestTarget } -corePinTarget { firstAfterRowEnd } -floatingStripeTarget { blockring padring ring stripe ringpin blockpin followpin } -allowJogging 1 -crossoverViaLayerRange { Metal1(1) Metal11(11) } -nets { VDD VSS } -allowLayerChange 1 -blockPin useLef -targetViaLayerRange { Metal1(1) Metal11(11) }
*** Begin SPECIAL ROUTE on Sat Aug 29 09:01:56 2026 ***
SPECIAL ROUTE ran on directory: /home/kite/Desktop/soc1/phydesign
SPECIAL ROUTE ran on machine: cad07 (Linux 4.18.0-425.3.1.el8.x86_64 x86_64 3.35Ghz)

Begin option processing ...
srouteConnectPowerBump set to false
routeSelectNet set to "VDD VSS"
routeSpecial set to true
srouteBlockPin set to "useLef"
srouteBottomLayerLimit set to 1
srouteBottomTargetLayerLimit set to 1
srouteConnectConverterPin set to false
srouteCrossoverViaBottomLayer set to 1
srouteCrossoverViaTopLayer set to 11
srouteFloatingStripeTarget set to "blockring padring ring stripe ringpin blockpin followpin"
srouteFollowCorePinEnd set to 3
srouteJogControl set to "preferWithChanges differentLayer"
srouteNoViaOnWireShape set to "padring ring stripe blockring blockpin coverpin blockwire corewire followpin iowire"
sroutePadPinAllPorts set to true
sroutePreserveExistingRoutes set to true
srouteRoutePowerBarPortOnBothDir set to true
srouteStopBlockPin set to "nearestTarget"
srouteTopLayerLimit set to 11
srouteTopTargetLayerLimit set to 11
End option processing: cpu: 0:00:00, real: 0:00:00, peak: 2962.00 megs.

Reading DB technology information...
Finished reading DB technology information.
Reading floorplan and netlist information...
Finished reading floorplan and netlist information.
**WARN: (IMPSR-4302):	Cap-table/qrcTechFile is found in the design, so the same information from the technology file will be ignored.
Read in 24 layers, 11 routing layers, 1 overlap layer
Read in 2 nondefault rules, 0 used
Read in 580 macros, 12 used
Read in 34 components
  6 core components: 6 unplaced, 0 placed, 0 fixed
  24 pad components: 0 unplaced, 0 placed, 24 fixed
  4 other components: 0 unplaced, 0 placed, 4 fixed
Read in 20 logical pins
Read in 19 nets
Read in 2 special nets, 2 routed
Read in 68 terminals
2 nets selected.

Begin power routing ...
**WARN: (IMPSR-1254):	Unable to connect the specified objects, since block pins of the VDD net were not found in the design. Check netlist or change the parameter value to include block pins in the design.
**WARN: (IMPSR-1256):	Unable to find any CORE class pad pin of the VDD net due to unavailability of the pin or check netlist in the routing area or layer. Change routing area or layer to include the expected pin or check netlist. Alternatively, change port class in the technology file.
Type 'man IMPSR-1256' for more detail.
Cannot find any AREAIO class pad pin of net VDD. Check net list, or change port class in the technology file, or change option to include pin in given range.
**WARN: (IMPSR-1254):	Unable to connect the specified objects, since block pins of the VSS net were not found in the design. Check netlist or change the parameter value to include block pins in the design.
**WARN: (IMPSR-1256):	Unable to find any CORE class pad pin of the VSS net due to unavailability of the pin or check netlist in the routing area or layer. Change routing area or layer to include the expected pin or check netlist. Alternatively, change port class in the technology file.
Type 'man IMPSR-1256' for more detail.
Cannot find any AREAIO class pad pin of net VSS. Check net list, or change port class in the technology file, or change option to include pin in given range.
CPU time for VDD FollowPin 0 seconds
CPU time for VSS FollowPin 0 seconds
  Number of IO ports routed: 0
  Number of Block ports routed: 0
  Number of Stripe ports routed: 0
  Number of Core ports routed: 420
  Number of Pad ports routed: 0
  Number of Power Bump ports routed: 0
  Number of Pad Ring connections: 67
  Number of Followpin connections: 210
End power routing: cpu: 0:00:00, real: 0:00:00, peak: 3000.00 megs.



 Begin updating DB with routing results ...
 Updating DB with 0 via definition ...Extracting standard cell pins and blockage ...... 
Pin and blockage extraction finished

sroute created 697 wires.
ViaGen created 3780 vias, deleted 0 via to avoid violation.
+--------+----------------+----------------+
|  Layer |     Created    |     Deleted    |
+--------+----------------+----------------+
| Metal1 |       630      |       NA       |
|  Via1  |       420      |        0       |
|  Via2  |       420      |        0       |
| Metal3 |        4       |       NA       |
|  Via3  |       420      |        0       |
| Metal4 |       63       |       NA       |
|  Via4  |       420      |        0       |
|  Via5  |       420      |        0       |
|  Via6  |       420      |        0       |
|  Via7  |       420      |        0       |
|  Via8  |       420      |        0       |
|  Via9  |       420      |        0       |
+--------+----------------+----------------+
<CMD> addEndCap -preCap FILL2 -postCap FILL2 -prefix ENDCAP
**WARN: (IMPSP-5224):	Option '-preCap' for command addEndCap is obsolete and has been replaced by 'setEndCapMode -rightEdge cell_name'. 
The obsolete option still works in this release but to avoid this warning and to ensure compatibility with future releases, 
update your script to use 'setEndCapMode -rightEdge cell_name' and 'addEndCap'.
**WARN: (IMPSP-5224):	Option '-postcap' for command addEndCap is obsolete and has been replaced by 'setEndCapMode -leftEdge cell_name'. 
The obsolete option still works in this release but to avoid this warning and to ensure compatibility with future releases, 
update your script to use 'setEndCapMode -rightEdge cell_name' and 'addEndCap'.
**WARN: (IMPSP-5534):	'setEndCapMode -leftEdge' and 'setEndCapMode -rightEdge' are using the same endcap cells
**WARN: (IMPSP-5534):	'setEndCapMode -leftBottomCorner' and 'setEndCapMode -rightBottomCorner' are using the same endcap cells
**WARN: (IMPSP-5534):	'setEndCapMode -leftTopCorner' and 'setEndCapMode -rightTopCorner' are using the same endcap cells
Estimated cell power/ground rail width = 0.160 um
Minimum row-size in sites for endcap insertion = 5.
Minimum number of sites for row blockage       = 1.
Inserted 209 pre-endcap <FILL2> cells (prefix ENDCAP).
Inserted 209 post-endcap <FILL2> cells (prefix ENDCAP).
For 418 new insts, <CMD> setRouteMode -earlyGlobalHonorMsvRouteConstraint false -earlyGlobalRoutePartitionPinGuide true
<CMD> setEndCapMode -reset
<CMD> setEndCapMode -boundary_tap false
<CMD> setNanoRouteMode -quiet -droutePostRouteSpreadWire 1
<CMD> setNanoRouteMode -quiet -droutePostRouteWidenWireRule LEFSpecialRouteSpec
<CMD> setNanoRouteMode -quiet -timingEngine {}
<CMD> setUsefulSkewMode -noBoundary false -maxAllowedDelay 1
<CMD> setPlaceMode -reset
<CMD> setPlaceMode -congEffort auto -timingDriven 1 -clkGateAware 1 -powerDriven 0 -ignoreScan 1 -reorderScan 1 -ignoreSpare 0 -placeIOPins 1 -moduleAwareSpare 0 -preserveRouting 1 -rmAffectedRouting 0 -checkRoute 0 -swapEEQ 0
<CMD> setPlaceMode -fp false
<CMD> place_design
*** placeDesign #1 [begin] : totSession cpu/real = 0:02:22.4/0:12:53.0 (0.2), mem = 1500.1M
**ERROR: (IMPSP-9099):	Scan chains exist in this design but are not defined for 71.43% flops. Placement and timing QoR can be severely impacted in this case!
It is highly recommend to define scan chains either through input scan def (preferred) or specifyScanChain.
*** placeDesign #1 [finish] : cpu/real = 0:00:00.0/0:00:00.0 (0.0), totSession cpu/real = 0:02:22.4/0:12:53.0 (0.2), mem = 1500.1M
<CMD> setPlaceMode -fp false
<CMD> place_design
*** placeDesign #2 [begin] : totSession cpu/real = 0:02:22.8/0:12:56.6 (0.2), mem = 1500.1M
**ERROR: (IMPSP-9099):	Scan chains exist in this design but are not defined for 71.43% flops. Placement and timing QoR can be severely impacted in this case!
It is highly recommend to define scan chains either through input scan def (preferred) or specifyScanChain.
*** placeDesign #2 [finish] : cpu/real = 0:00:00.0/0:00:00.0 (0.0), totSession cpu/real = 0:02:22.8/0:12:56.6 (0.2), mem = 1500.1M

--------------------------------------------------------------------------------
Exiting Innovus on Sat Aug 29 09:04:20 2026
  Total CPU time:     0:02:31
  Total real time:    0:14:11
  Peak memory (main): 1496.79MB


*** Memory Usage v#1 (Current mem = 1500.121M, initial mem = 483.863M) ***
*** Message Summary: 66 warning(s), 8 error(s)

--- Ending "Innovus" (totcpu=0:02:31, real=0:14:01, mem=1500.1M) ---
