
Cadence Tempus(TM) Timing Signoff Solution.
Copyright 2021 Cadence Design Systems, Inc. All rights reserved worldwide.

Version:	v21.18-s100_1, built Mon Jul 24 10:44:52 PDT 2023
Options:	
Date:		Sat Aug 29 09:22:42 2026
Host:		cad07 (x86_64 w/Linux 4.18.0-425.3.1.el8.x86_64) (4cores*4cpus*Intel(R) Core(TM) i5-7400 CPU @ 3.00GHz 6144KB)
OS:		Red Hat Enterprise Linux 8.7 (Ootpa)

License:
		[09:22:42.395673] Configured Lic search path (21.01-s002): 5280@CadenceServer

		tpsxl	Tempus Timing Signoff Solution XL	21.1	checkout succeeded
		16 CPU jobs allowed with the current license(s). Use set_multi_cpu_usage to set your required CPU count.
Change the soft stacksize limit to 0.2%RAM (15 mbytes). Set global soft_stack_size_limit to change the value.
environment variable TMPDIR is '/tmp/ssv_tmpdir_42686_HM15uv'.
Has not load the powerDB, will keep enabled
Has not load the powerDB, will keep enabled
<CMD> read_design -physical_data low_power_soc.enc.dat /low_power_soc
# Tempus Timing Signoff Solution 21.18-s100_1
# read_design
#  -physical_data 1
#  dir low_power_soc.enc.dat /low_power_soc
Set Default Input Pin Transition as 0.1 ps.
Loading design 'low_power_soc' saved by 'Innovus' '21.15-s110_1' on 'Sat Aug 29 09:20:04 2026'.
#% Begin Load MMMC data ... (date=08/29 09:25:20, mem=945.7M)
**WARN: (UI-638):	The option '-cap_table' to the command 'create_rc_corner' is ignored since it is related to the RC extraction mode which Tempus does not support. Tempus only supports the signoff QRC extraction.
Number of views requested 1 are allowed with the current licenses... continuing with set_analysis_view.
#% End Load MMMC data ... (date=08/29 09:25:20, total cpu=0:00:00.0, real=0:00:00.0, peak res=945.8M, current mem=945.8M)
rc

Loading LEF file /home/kite/Desktop/soc1/phydesign/low_power_soc.enc.dat/libs/lef/gsclib045_tech.lef ...

Loading LEF file /home/kite/Desktop/soc1/phydesign/low_power_soc.enc.dat/libs/lef/gsclib045_macro.lef ...
Set DBUPerIGU to M2 pitch 400.

Loading LEF file /home/kite/Desktop/soc1/phydesign/low_power_soc.enc.dat/libs/lef/giolib045.lef ...

Loading LEF file /home/kite/Desktop/soc1/phydesign/low_power_soc.enc.dat/libs/lef/pdkIO.lef ...
**WARN: (IMPLF-200):	Pin 'PAD' in macro 'PADI' has no ANTENNAGATEAREA value defined. The library data is incomplete and some process antenna rules will not be checked correctly.
**WARN: (IMPLF-201):	Pin 'OUT' in macro 'PADI' has no ANTENNADIFFAREA value defined. The library data is incomplete and some process antenna rules will not be checked correctly.
**WARN: (IMPLF-201):	Pin 'PAD' in macro 'PADO' has no ANTENNADIFFAREA value defined. The library data is incomplete and some process antenna rules will not be checked correctly.
**WARN: (IMPLF-200):	Pin 'IN' in macro 'PADO' has no ANTENNAGATEAREA value defined. The library data is incomplete and some process antenna rules will not be checked correctly.
**WARN: (IMPLF-201):	Pin 'PAD' in macro 'PADIO' has no ANTENNADIFFAREA value defined. The library data is incomplete and some process antenna rules will not be checked correctly.
**WARN: (IMPLF-200):	Pin 'PAD' in macro 'PADIO' has no ANTENNAGATEAREA value defined. The library data is incomplete and some process antenna rules will not be checked correctly.
**WARN: (IMPLF-200):	Pin 'OEN' in macro 'PADIO' has no ANTENNAGATEAREA value defined. The library data is incomplete and some process antenna rules will not be checked correctly.
**WARN: (IMPLF-200):	Pin 'IN' in macro 'PADIO' has no ANTENNAGATEAREA value defined. The library data is incomplete and some process antenna rules will not be checked correctly.
**WARN: (IMPLF-201):	Pin 'OUT' in macro 'PADIO' has no ANTENNADIFFAREA value defined. The library data is incomplete and some process antenna rules will not be checked correctly.
**WARN: (IMPLF-200):	Pin 'VDDPAD25' in macro 'padIORINGFEED60' has no ANTENNAGATEAREA value defined. The library data is incomplete and some process antenna rules will not be checked correctly.
**WARN: (IMPLF-200):	Pin 'VSSPAD' in macro 'padIORINGFEED60' has no ANTENNAGATEAREA value defined. The library data is incomplete and some process antenna rules will not be checked correctly.
**WARN: (IMPLF-200):	Pin 'VDDPAD25' in macro 'padIORINGFEED5' has no ANTENNAGATEAREA value defined. The library data is incomplete and some process antenna rules will not be checked correctly.
**WARN: (IMPLF-200):	Pin 'VSSPAD' in macro 'padIORINGFEED5' has no ANTENNAGATEAREA value defined. The library data is incomplete and some process antenna rules will not be checked correctly.
**WARN: (IMPLF-200):	Pin 'VDDPAD25' in macro 'padIORINGFEED3' has no ANTENNAGATEAREA value defined. The library data is incomplete and some process antenna rules will not be checked correctly.
**WARN: (IMPLF-200):	Pin 'VSSPAD' in macro 'padIORINGFEED3' has no ANTENNAGATEAREA value defined. The library data is incomplete and some process antenna rules will not be checked correctly.
**WARN: (IMPLF-200):	Pin 'VDDPAD25' in macro 'padIORINGFEED10' has no ANTENNAGATEAREA value defined. The library data is incomplete and some process antenna rules will not be checked correctly.
**WARN: (IMPLF-200):	Pin 'VSSPAD' in macro 'padIORINGFEED10' has no ANTENNAGATEAREA value defined. The library data is incomplete and some process antenna rules will not be checked correctly.
**WARN: (IMPLF-200):	Pin 'VDDPAD25' in macro 'padIORINGFEED1' has no ANTENNAGATEAREA value defined. The library data is incomplete and some process antenna rules will not be checked correctly.
**WARN: (IMPLF-200):	Pin 'VSSPAD' in macro 'padIORINGFEED1' has no ANTENNAGATEAREA value defined. The library data is incomplete and some process antenna rules will not be checked correctly.
**WARN: (IMPLF-200):	Pin 'VSS25' in macro 'PADVSS25' has no ANTENNAGATEAREA value defined. The library data is incomplete and some process antenna rules will not be checked correctly.
**WARN: (IMPLF-200):	Pin 'VDD25' in macro 'PADVDD25' has no ANTENNAGATEAREA value defined. The library data is incomplete and some process antenna rules will not be checked correctly.
**WARN: (IMPLF-200):	Pin 'OEN' in macro 'PADDOZ' has no ANTENNAGATEAREA value defined. The library data is incomplete and some process antenna rules will not be checked correctly.
**WARN: (IMPLF-200):	Pin 'A' in macro 'PADDOZ' has no ANTENNAGATEAREA value defined. The library data is incomplete and some process antenna rules will not be checked correctly.
**WARN: (IMPLF-201):	Pin 'PAD' in macro 'PADDOZ' has no ANTENNADIFFAREA value defined. The library data is incomplete and some process antenna rules will not be checked correctly.
**WARN: (IMPLF-200):	Pin 'A' in macro 'PADDO' has no ANTENNAGATEAREA value defined. The library data is incomplete and some process antenna rules will not be checked correctly.
**WARN: (IMPLF-201):	Pin 'PAD' in macro 'PADDO' has no ANTENNADIFFAREA value defined. The library data is incomplete and some process antenna rules will not be checked correctly.
**WARN: (IMPLF-201):	Pin 'PAD' in macro 'PADDI' has no ANTENNADIFFAREA value defined. The library data is incomplete and some process antenna rules will not be checked correctly.
**WARN: (EMS-62):	Message <IMPLF-200> has exceeded the default message display limit of 20.
To avoid this warning, increase the display limit per unique message by
using the set_message -limit <number> command.
The message limit can be removed by using the set_message -no_limit command.
Note that setting a very large number using the set_message -limit command
or removing the message limit using the set_message -no_limit command can
significantly increase the log file size.
To suppress a message, use the set_message -suppress command.
**WARN: (IMPLF-201):	Pin 'Y' in macro 'PADDI' has no ANTENNADIFFAREA value defined. The library data is incomplete and some process antenna rules will not be checked correctly.
**WARN: (IMPLF-201):	Pin 'Y' in macro 'PADDB' has no ANTENNADIFFAREA value defined. The library data is incomplete and some process antenna rules will not be checked correctly.
**WARN: (IMPLF-201):	Pin 'PAD' in macro 'PADDB' has no ANTENNADIFFAREA value defined. The library data is incomplete and some process antenna rules will not be checked correctly.

##  Check design process and node:  
##  Both design process and tech node are not set.

Loading view definition file from /home/kite/Desktop/soc1/phydesign/low_power_soc.enc.dat/viewDefinition.tcl
Reading slow timing library '/home/kite/Desktop/jakir/45nm_Library/lib/slow_vdd1v0_basicCells.lib' ...
**WARN: (TECHLIB-302):	No function defined for cell 'ANTENNA'. The cell will only be used for analysis. (File /home/kite/Desktop/jakir/45nm_Library/lib/slow_vdd1v0_basicCells.lib)
Read 480 cells in library 'slow_vdd1v0' 
Reading fast timing library '/home/kite/Desktop/jakir/45nm_Library/lib/fast_vdd1v0_basicCells.lib' ...
**WARN: (TECHLIB-302):	No function defined for cell 'ANTENNA'. The cell will only be used for analysis. (File /home/kite/Desktop/jakir/45nm_Library/lib/fast_vdd1v0_basicCells.lib)
Read 480 cells in library 'fast_vdd1v0' 
*** End library_loading (cpu=0.01min, real=0.02min, mem=34.9M, fe_cpu=0.56min, fe_real=2.67min, fe_mem=1029.1M) ***
#% Begin Load netlist data ... (date=08/29 09:25:22, mem=1009.6M)
*** Begin netlist parsing (mem=1029.1M) ***
Reading verilogBinary netlist '/home/kite/Desktop/soc1/phydesign/low_power_soc.enc.dat/low_power_soc.v.bin'

*** Memory Usage v#1 (Current mem = 1179.148M, initial mem = 481.699M) ***
*** End netlist parsing (cpu=0:00:00.0, real=0:00:00.0, mem=1179.1M) ***
#% End Load netlist data ... (date=08/29 09:25:22, total cpu=0:00:00.4, real=0:00:00.0, peak res=1109.0M, current mem=1098.8M)
Top level cell is low_power_soc.
Has not load the powerDB, will keep enabled
Has not load the powerDB, will keep enabled
Building hierarchical netlist for Cell low_power_soc ...
***** UseNewTieNetMode *****.
*** Netlist is unique.
** info: there are 1080 modules.
** info: there are 34 stdCell insts.
** info: there are 20 Pad insts.

*** Memory Usage v#1 (Current mem = 1533.594M, initial mem = 481.699M) ***
*info: set bottom ioPad orient R0
Reading IO assignment file "/home/kite/Desktop/soc1/phydesign/low_power_soc.enc.dat/libs/iofile/soccon.io" ...
**WARN: (IMPFP-3961):	The techSite 'Corner' has no related standard cells in the LEF/OA library. The calculations for this site type cannot be made unless standard cell models of this type exist in the LEF/OA library. Ignore this warning if the SITE is not used by the library. Alternatively, remove the SITE definition for the LEF/OA library to avoid this message.
**WARN: (IMPFP-3961):	The techSite 'Pad' has no related standard cells in the LEF/OA library. The calculations for this site type cannot be made unless standard cell models of this type exist in the LEF/OA library. Ignore this warning if the SITE is not used by the library. Alternatively, remove the SITE definition for the LEF/OA library to avoid this message.
**WARN: (IMPFP-3961):	The techSite 'corner' has no related standard cells in the LEF/OA library. The calculations for this site type cannot be made unless standard cell models of this type exist in the LEF/OA library. Ignore this warning if the SITE is not used by the library. Alternatively, remove the SITE definition for the LEF/OA library to avoid this message.
**WARN: (IMPFP-3961):	The techSite 'pad' has no related standard cells in the LEF/OA library. The calculations for this site type cannot be made unless standard cell models of this type exist in the LEF/OA library. Ignore this warning if the SITE is not used by the library. Alternatively, remove the SITE definition for the LEF/OA library to avoid this message.
**WARN: (IMPFP-3961):	The techSite 'CornerSite' has no related standard cells in the LEF/OA library. The calculations for this site type cannot be made unless standard cell models of this type exist in the LEF/OA library. Ignore this warning if the SITE is not used by the library. Alternatively, remove the SITE definition for the LEF/OA library to avoid this message.
**WARN: (IMPFP-3961):	The techSite 'IOSite' has no related standard cells in the LEF/OA library. The calculations for this site type cannot be made unless standard cell models of this type exist in the LEF/OA library. Ignore this warning if the SITE is not used by the library. Alternatively, remove the SITE definition for the LEF/OA library to avoid this message.
Start create_tracks
Set Default Input Pin Transition as 0.1 ps.
Set Shrink Factor to 0.90000
Has not load the powerDB, will keep enabled
Has not load the powerDB, will keep enabled
Has not load the powerDB, will keep enabled
Has not load the powerDB, will keep enabled
Has not load the powerDB, will keep enabled
Has not load the powerDB, will keep enabled
Loading preference file /home/kite/Desktop/soc1/phydesign/low_power_soc.enc.dat/gui.pref.tcl ...
**WARN: (UI-156):	preference name 'MinFPModuleSize' is not supported in Tempus Timing Signoff Solution.
**WARN: (UI-156):	preference name 'MinFlightLineWidth' is not supported in Tempus Timing Signoff Solution.
**WARN: (UI-156):	preference name 'MaxFlightLineNetTerms' is not supported in Tempus Timing Signoff Solution.
**WARN: (UI-156):	preference name 'LevelFlight' is not supported in Tempus Timing Signoff Solution.
**WARN: (UI-156):	preference name 'DirectionSink' is not supported in Tempus Timing Signoff Solution.
**WARN: (UI-156):	preference name 'DirectionSource' is not supported in Tempus Timing Signoff Solution.
**WARN: (UI-156):	preference name 'ShowNumberBlockConnection' is not supported in Tempus Timing Signoff Solution.
**WARN: (UI-156):	preference name 'StrecthRestriction' is not supported in Tempus Timing Signoff Solution.
**WARN: (UI-156):	preference name 'StretchRectilinear' is not supported in Tempus Timing Signoff Solution.
**WARN: (UI-156):	preference name 'MoveRestriction' is not supported in Tempus Timing Signoff Solution.
**WARN: (UI-156):	preference name 'DisplayRelFPlan' is not supported in Tempus Timing Signoff Solution.
**WARN: (UI-156):	preference name 'LegalizeMacro' is not supported in Tempus Timing Signoff Solution.
**WARN: (UI-156):	preference name 'DisplayFPlanFlightLine' is not supported in Tempus Timing Signoff Solution.
**WARN: (UI-156):	preference name 'DisplayPinName' is not supported in Tempus Timing Signoff Solution.
**WARN: (UI-156):	preference name 'ExclusiveFlight' is not supported in Tempus Timing Signoff Solution.
**WARN: (UI-156):	preference name 'ShowToUnplace' is not supported in Tempus Timing Signoff Solution.
**WARN: (UI-156):	preference name 'FlightLineInMove' is not supported in Tempus Timing Signoff Solution.
**WARN: (UI-156):	preference name 'ShowConnectionInOutNumber' is not supported in Tempus Timing Signoff Solution.
**WARN: (UI-156):	preference name 'ConnectionColorType' is not supported in Tempus Timing Signoff Solution.
**WARN: (UI-156):	preference name 'OnlyBundleNetFlight' is not supported in Tempus Timing Signoff Solution.
**WARN: (EMS-27):	Message (UI-156) has exceeded the current message display limit of 20.
To increase the message display limit, refer to the product command reference manual.
**WARN: (IMPSYC-6134):	Setting analysis mode to setup does not have any impact on timing analysis as simultaneous setup/hold mode analysis is on. Use '-late' option to report setup timing reports.
Has not load the powerDB, will keep enabled
Has not load the powerDB, will keep enabled
**WARN: (IMPTCM-77):	Option "-drouteStartIteration" for command setNanoRouteMode is obsolete and will be removed in a future release. The obsolete option still works in this release but to avoid this warning and to ensure compatibility with future releases, remove the obsolete option from your script.
#WARNING (NRIF-90) Option setNanoRouteMode -routeBottomRoutingLayer is obsolete. It will continue to work for the current release. To ensure compatibility with future releases, use option setDesignMode -bottomRoutingLayer instead.
#WARNING (NRIF-91) Option setNanoRouteMode -routeTopRoutingLayer is obsolete. It will continue to work for the current release. To ensure compatibility with future releases, use option setDesignMode -topRoutingLayer instead.
AAE_INFO: switching -siAware from false to true ...
AAE_INFO: The setting is changed from false to true in setDelayCalMode -SIAware
addRing command will ignore shorts while creating rings.
addRing command will disallow rings to go over rows.
addRing command will consider rows while creating rings.
The ring targets are set to core/block ring wires.
addStripe will allow jog to connect padcore ring and block ring.

Stripes will not extend to closest target.
When breaking rings, the power planner will consider the existence of blocks.
addStripe will break automatically at non-default domains when generating global stripes over the core area or default domain.
The entire stripe set will break at the domain if one of the nets is not in the domain.
Stripes will not be created over regions without power planning wires.
Offset for stripe breaking is set to 0.
Stripes will stop at the boundary of the specified area.
The power planner will set stripe antenna targets to none (no trimming allowed).
Change floorplan default-technical-site to 'CoreSite'.
/dev/null
Total number of combinational cells: 318
Total number of sequential cells: 152
Total number of tristate cells: 10
Total number of level shifter cells: 0
Total number of power gating cells: 0
Total number of isolation cells: 0
Total number of power switch cells: 0
Total number of pulse generator cells: 0
Total number of always on buffers: 0
Total number of retention cells: 0
Total number of physical cells: 0
List of usable buffers: BUFX2 BUFX12 BUFX16 BUFX20 CLKBUFX2 BUFX3 BUFX4 BUFX6 BUFX8 CLKBUFX12 CLKBUFX16 CLKBUFX20 CLKBUFX3 CLKBUFX4 CLKBUFX6 CLKBUFX8
Total number of usable buffers: 16
List of unusable buffers:
Total number of unusable buffers: 0
List of usable inverters: CLKINVX1 CLKINVX2 CLKINVX12 CLKINVX16 CLKINVX20 CLKINVX4 CLKINVX3 CLKINVX6 CLKINVX8 INVX1 INVX2 INVX12 INVX16 INVX20 INVXL INVX3 INVX4 INVX6 INVX8
Total number of usable inverters: 19
List of unusable inverters:
Total number of unusable inverters: 0
List of identified usable delay cells: DLY1X1 DLY1X4 DLY2X1 DLY2X4 DLY3X1 DLY3X4 DLY4X1 DLY4X4
Total number of identified usable delay cells: 8
List of identified unusable delay cells:
Total number of identified unusable delay cells: 0
Reading floorplan file - /home/kite/Desktop/soc1/phydesign/low_power_soc.enc.dat//low_power_soc.fp.gz (mem = 1791.4M).
#% Begin Load floorplan data ... (date=08/29 09:25:23, mem=1613.6M)
*info: reset 56 existing net BottomPreferredLayer and AvoidDetour
Deleting old partition specification.
 ... processed partition successfully.
Reading binary special route file /home/kite/Desktop/soc1/phydesign/low_power_soc.enc.dat//low_power_soc.fp.spr.gz (Created by Innovus v21.15-s110_1 on Sat Aug 29 09:20:02 2026, version: 1)
Convert 0 swires and 0 svias from compressed groups
89 swires and 46 svias were compressed
89 swires and 46 svias were decompressed from small or sparse groups
Ending "Read special route file" (total cpu=0:00:00.0, real=0:00:00.0, peak res=1615.0M, current mem=1615.0M)
There are 28 io inst loaded
There are 1 nets with avoidDetour being set
Extracting standard cell pins and blockage ...... 
Pin and blockage extraction finished
#% End Load floorplan data ... (date=08/29 09:25:23, total cpu=0:00:00.1, real=0:00:00.0, peak res=1629.7M, current mem=1629.7M)
#% Begin Load SymbolTable ... (date=08/29 09:25:23, mem=1629.7M)
#% End Load SymbolTable ... (date=08/29 09:25:23, total cpu=0:00:00.0, real=0:00:00.0, peak res=1629.7M, current mem=1629.7M)
Loading place ...
#% Begin Load placement data ... (date=08/29 09:25:23, mem=1629.7M)
Reading placement file - /home/kite/Desktop/soc1/phydesign/low_power_soc.enc.dat//low_power_soc.place.gz.
** Reading stdCellPlacement_binary (Created by Innovus v21.15-s110_1 on Sat Aug 29 09:20:03 2026, version# 2) ...
Read Views for adaptive view pruning ...
Read 0 views from Binary DB for adaptive view pruning
*** Checked 2 GNC rules.
*** applyConnectGlobalNets disabled.
*** Completed restorePlace (cpu=0:00:00.0 real=0:00:00.0 mem=1808.4M) ***
Has not load the powerDB, will keep enabled
Has not load the powerDB, will keep enabled
Total net length = 8.164e+03 (3.804e+03 4.361e+03) (ext = 4.531e+03)
#% End Load placement data ... (date=08/29 09:25:24, total cpu=0:00:00.0, real=0:00:00.0, peak res=1630.8M, current mem=1630.8M)
Reading PG file /home/kite/Desktop/soc1/phydesign/low_power_soc.enc.dat//low_power_soc.pg.gz, version#2, (Created by Innovus v21.15-s110_1 on       Sat Aug 29 09:20:02 2026)
*** Completed restorePGFile (cpu=0:00:00.0 real=0:00:00.0 mem=1805.4M) ***
#% Begin Load routing data ... (date=08/29 09:25:24, mem=1631.2M)
Reading routing file - /home/kite/Desktop/soc1/phydesign/low_power_soc.enc.dat//low_power_soc.route.gz.
Reading Innovus routing data (Created by Innovus v21.15-s110_1 on Sat Aug 29 09:20:03 2026 Format: 20.1) ...
*** Total 55 nets are successfully restored.
*** Completed restoreRoute (cpu=0:00:00.0 real=0:00:00.0 mem=1805.4M) ***
Has not load the powerDB, will keep enabled
Has not load the powerDB, will keep enabled
#% End Load routing data ... (date=08/29 09:25:24, total cpu=0:00:00.0, real=0:00:00.0, peak res=1632.1M, current mem=1632.1M)
Loading Drc markers ...
... 1 markers are loaded ...
... 0 geometry drc markers are loaded ...
... 0 antenna drc markers are loaded ...
Reading property file /home/kite/Desktop/soc1/phydesign/low_power_soc.enc.dat//low_power_soc.prop
*** Completed restoreProperty (cpu=0:00:00.0 real=0:00:00.0 mem=1809.4M) ***
Set Default Input Pin Transition as 0.1 ps.
Extraction setup Started 
Summary of Active RC-Corners : 
 
 Analysis View: worst
    RC-Corner Name        : rc
    RC-Corner Index       : 0
    RC-Corner Temperature : 125 Celsius
    RC-Corner Cap Table   : ''
    RC-Corner PostRoute Res Factor        : 1
    RC-Corner PostRoute Cap Factor        : 1
    RC-Corner PostRoute XCap Factor       : 1
    RC-Corner Technology file: '/home/kite/Desktop/soc1/phydesign/low_power_soc.enc.dat/libs/mmmc/rc/gpdk045.tch'
 
 Analysis View: best
    RC-Corner Name        : rc
    RC-Corner Index       : 0
    RC-Corner Temperature : 125 Celsius
    RC-Corner Cap Table   : ''
    RC-Corner PostRoute Res Factor        : 1
    RC-Corner PostRoute Cap Factor        : 1
    RC-Corner PostRoute XCap Factor       : 1
    RC-Corner Technology file: '/home/kite/Desktop/soc1/phydesign/low_power_soc.enc.dat/libs/mmmc/rc/gpdk045.tch'
Initializing multi-corner resistance tables ...
#% Begin Load power constraints ... (date=08/29 09:25:25, mem=1637.9M)
'set_default_switching_activity' finished successfully.
#% End Load power constraints ... (date=08/29 09:25:25, total cpu=0:00:00.0, real=0:00:00.0, peak res=1645.1M, current mem=1645.1M)
**WARN: (TCLCMD-1263):	The -frame parameter is obsolete and will be removed from the software in a future release. To ensure compatibility with future releases, remove this parameter from your scripts.
min max
#% Begin load AAE data ... (date=08/29 09:25:25, mem=1667.8M)
AAE DB initialization (MEM=1867.42 CPU=0:00:00.0 REAL=0:00:00.0) 
#% End load AAE data ... (date=08/29 09:25:25, total cpu=0:00:00.6, real=0:00:00.0, peak res=1674.1M, current mem=1674.1M)
Restoring CCOpt config...
  Extracting original clock gating for clk...
    clock_tree clk contains 18 sinks and 0 clock gates.
      Found 5 implicit ignore or stop or exclude pins - run report_ccopt_clock_trees -list_special_pins for more details.
  Extracting original clock gating for clk done.
  The skew group clk/sdc was created. It contains 18 sinks and 1 sources.
**WARN: (IMPCCOPT-2332):	The property locked_originally is deprecated. It still works, but it may be removed in a future release.
**WARN: (IMPCCOPT-2332):	The property locked_originally is deprecated. It still works, but it may be removed in a future release.
**WARN: (IMPCCOPT-2332):	The property locked_originally is deprecated. It still works, but it may be removed in a future release.
**WARN: (IMPCCOPT-2332):	The property locked_originally is deprecated. It still works, but it may be removed in a future release.
**WARN: (IMPCCOPT-2332):	The property locked_originally is deprecated. It still works, but it may be removed in a future release.
**WARN: (IMPCCOPT-2332):	The property locked_originally is deprecated. It still works, but it may be removed in a future release.
Restoring CCOpt config done.
**WARN: (IMPCTE-107):	The following globals have been obsoleted since version . They will be removed in the next release. 
timing_enable_separate_device_slew_effect_sensitivities
Ending "read_design" (total cpu=0:00:04.5, real=0:00:06.0, peak res=1698.4M, current mem=1683.3M)
Loading  (low_power_soc)
Traverse HInst (low_power_soc)
<CMD> all_setup_analysis_views
<CMD> all_hold_analysis_views
<CMD> all_setup_analysis_views
<CMD> all_hold_analysis_views
**WARN: (IMPSYC-3133):	The unloadTimingCon command is not supported in the MMMC environment.
          To modify the active set of constraints you can use one of the following means:
          - Use the set_analysis_view command to change the set of active views.
          - Use the update_analysis_view command to change the constraint mode associated with an active view.
          - Use the update_constraint_mode command to change the set of SDC files pointed to be active modes.
<CMD> all_setup_analysis_views
<CMD> all_hold_analysis_views
<CMD> all_setup_analysis_views
<CMD> all_hold_analysis_views
**WARN: (IMPSYC-3133):	The unloadTimingCon command is not supported in the MMMC environment.
          To modify the active set of constraints you can use one of the following means:
          - Use the set_analysis_view command to change the set of active views.
          - Use the update_analysis_view command to change the constraint mode associated with an active view.
          - Use the update_constraint_mode command to change the set of SDC files pointed to be active modes.
<CMD> read_spef low_power_soc.spef
Used active corner rc for reading SPEF file as option '-rc_corner <cornerName>' is not specified in MMMC mode.

SPEF files for RC Corner rc:
Top-level spef file 'low_power_soc.spef'.
Start spef parsing (MEM=1869.42).
SPEF file low_power_soc.spef.
Number of Resistors     : 992
Number of Ground Caps   : 944
Number of Coupling Caps : 100

End spef parsing (MEM=1880.42 CPU=0:00:00.2 REAL=0:00:01.0).
5 nets are missing in SPEF file. The names of these nets are saved in ./rc.missing_nets.rpt.
Has not load the powerDB, will keep enabled
Has not load the powerDB, will keep enabled
<CMD> read_sdf low_power_soc.sdf
**WARN: (TCLCMD-1234):	In multi-mode, multi-corner analysis mode, you should include the -view option with the read_sdf command to annotate the SDF file to specific view(s). Without the -view option, the SDF file will only be annotated to the current default view.
<CMD> get_time_unit
<CMD> report_timing -machine_readable -max_paths 10000 -max_slack 0.75 -path_exceptions all -early > top.mtarpt
AAE_INFO: opIsDesignInPostRouteState() is 1
AAE_INFO: resetNetProps for all the views. 
Starting SI iteration 1 using Infinite Timing Windows
#################################################################################
# Design Name: low_power_soc
# Design Mode: 65nm
# Analysis Mode: MMMC OCV 
# Parasitics Mode: SPEF/RCDB 
# Signoff Settings: SI On 
#################################################################################
Start delay calculation (fullDC) (1 T). (MEM=2020.58)
/dev/null
/dev/null
AAE_INFO-618: Total number of nets in the design is 56,  94.6 percent of the nets selected for SI analysis
AAE_INFO-618: Total number of nets in the design is 56,  94.6 percent of the nets selected for SI analysis
End delay calculation. (MEM=2158.33 CPU=0:00:00.1 REAL=0:00:00.0)
End delay calculation (fullDC). (MEM=2158.33 CPU=0:00:00.1 REAL=0:00:00.0)
Has not load the powerDB, will keep enabled
Has not load the powerDB, will keep enabled
Loading CTE timing window with TwFlowType 0...(CPU = 0:00:00.0, REAL = 0:00:00.0, MEM = 2158.3M)
Loading CTE timing window is completed (CPU = 0:00:00.0, REAL = 0:00:00.0, MEM = 2158.3M)
Starting SI iteration 2
Start delay calculation (fullDC) (1 T). (MEM=2151.9)
AAE_INFO-618: Total number of nets in the design is 56,  25.0 percent of the nets selected for SI analysis
AAE_INFO-618: Total number of nets in the design is 56,  10.7 percent of the nets selected for SI analysis
End delay calculation. (MEM=2201.1 CPU=0:00:00.0 REAL=0:00:00.0)
End delay calculation (fullDC). (MEM=2201.1 CPU=0:00:00.1 REAL=0:00:00.0)
Has not load the powerDB, will keep enabled
Has not load the powerDB, will keep enabled
<CMD> load_timing_debug_report -name default_report top.mtarpt -max_path_num 10000 -updateCategory 0
Parsing file top.mtarpt...
<CMD> get_time_unit
<CMD> report_timing -machine_readable -max_paths 10000 -max_slack 0.75 -path_exceptions all -late > top.mtarpt
<CMD> load_timing_debug_report -name default_report top.mtarpt -max_path_num 10000 -updateCategory 0
Parsing file top.mtarpt...
<CMD> get_time_unit
<CMD> report_timing -machine_readable -max_paths 10000 -max_slack 0.75 -path_exceptions all -early > top.mtarpt
<CMD> load_timing_debug_report -name default_report top.mtarpt -max_path_num 10000 -updateCategory 0
Parsing file top.mtarpt...
<CMD_INTERNAL> zoomSelected
<CMD_INTERNAL> zoomSelected
<CMD> all_analysis_views
worst best
<CMD> all_setup_analysis_views
<CMD> all_hold_analysis_views
<CMD> get_analysis_view $view -delay_corner
<CMD> get_delay_corner $dc -rc_corner
<CMD> add_repeater -cell BUFX2 -net rst_n
#################################################################################
# Design Name: low_power_soc
# Design Mode: 65nm
# Analysis Mode: MMMC OCV 
# Parasitics Mode: SPEF/RCDB 
# Signoff Settings: SI On 
#################################################################################
#################################################################################
# Design Name: low_power_soc
# Design Mode: 65nm
# Analysis Mode: MMMC OCV 
# Parasitics Mode: SPEF/RCDB 
# Signoff Settings: SI On 
#################################################################################
**ERROR: (IMPOPT-6217):	Net 'rst_n' is a multi-driver net, and cannot be buffered by 'add_repeater' command.
**ERROR: (IMPSYT-7004):	Failed to execute add_repeater command.
<CMD_INTERNAL> redraw
<CMD_INTERNAL> zoomSelected
<CMD_INTERNAL> zoomSelected
<CMD> all_analysis_views
worst best
<CMD> all_setup_analysis_views
<CMD> all_hold_analysis_views
<CMD> get_analysis_view $view -delay_corner
<CMD> get_delay_corner $dc -rc_corner
<CMD> add_repeater -cell BUFX2 -net rst_n
#################################################################################
# Design Name: low_power_soc
# Design Mode: 65nm
# Analysis Mode: MMMC OCV 
# Parasitics Mode: SPEF/RCDB 
# Signoff Settings: SI On 
#################################################################################
**ERROR: (IMPOPT-6217):	Net 'rst_n' is a multi-driver net, and cannot be buffered by 'add_repeater' command.
**ERROR: (IMPSYT-7004):	Failed to execute add_repeater command.
<CMD_INTERNAL> redraw
<CMD> add_repeater -cell BUFX2 -net rst_n
#################################################################################
# Design Name: low_power_soc
# Design Mode: 65nm
# Analysis Mode: MMMC OCV 
# Parasitics Mode: SPEF/RCDB 
# Signoff Settings: SI On 
#################################################################################
**ERROR: (IMPOPT-6217):	Net 'rst_n' is a multi-driver net, and cannot be buffered by 'add_repeater' command.
**ERROR: (IMPSYT-7004):	Failed to execute add_repeater command.
<CMD_INTERNAL> redraw
<CMD> add_repeater -cell BUFX3 -net rst_n
#################################################################################
# Design Name: low_power_soc
# Design Mode: 65nm
# Analysis Mode: MMMC OCV 
# Parasitics Mode: SPEF/RCDB 
# Signoff Settings: SI On 
#################################################################################
**ERROR: (IMPOPT-6217):	Net 'rst_n' is a multi-driver net, and cannot be buffered by 'add_repeater' command.
**ERROR: (IMPSYT-7004):	Failed to execute add_repeater command.
<CMD_INTERNAL> redraw
<CMD_INTERNAL> zoomSelected
<CMD_INTERNAL> zoomSelected
<CMD_INTERNAL> zoomSelected
<CMD> all_analysis_views
worst best
<CMD> all_setup_analysis_views
<CMD> all_hold_analysis_views
<CMD> get_analysis_view $view -delay_corner
<CMD> get_delay_corner $dc -rc_corner
<CMD> change_cell -inst {wake_ff_reg[0]} -cell DFFRHQX2
#################################################################################
# Design Name: low_power_soc
# Design Mode: 65nm
# Analysis Mode: MMMC OCV 
# Parasitics Mode: SPEF/RCDB 
# Signoff Settings: SI On 
#################################################################################
**ERROR: (IMPSP-365):	Design has inst(s) with SITE 'CoreSiteDouble', but the floorplan has no rows defined for this site. Any locations found for such insts will be illegal; create rows for this site to avoid this.
Estimated cell power/ground rail width = 0.160 um
**ERROR: (IMPESI-2221):	No driver rstn_pad/PAD is found in the delay stage for net rst_n.
**ERROR: (IMPESI-2221):	No driver rstn_pad/PAD is found in the delay stage for net rst_n.
**ERROR: (IMPESI-2221):	No driver rstn_pad/Y is found in the delay stage for net rst_n.
**ERROR: (IMPESI-2221):	No driver rstn_pad/Y is found in the delay stage for net rst_n.
**ERROR: (IMPESI-2221):	No driver rstn_pad/PAD is found in the delay stage for net rst_n.
**ERROR: (IMPESI-2221):	No driver rstn_pad/PAD is found in the delay stage for net rst_n.
**ERROR: (IMPESI-2221):	No driver rstn_pad/Y is found in the delay stage for net rst_n.
**ERROR: (IMPESI-2221):	No driver rstn_pad/Y is found in the delay stage for net rst_n.
**ERROR: (IMPESI-2221):	No driver wake_pad/PAD is found in the delay stage for net async_wakeup.
**ERROR: (IMPESI-2221):	No driver wake_pad/Y is found in the delay stage for net async_wakeup.
**ERROR: (IMPESI-2221):	No driver wake_pad/PAD is found in the delay stage for net async_wakeup.
**ERROR: (IMPESI-2221):	No driver wake_pad/Y is found in the delay stage for net async_wakeup.
Dumping Information for Job ...
**ERROR: (IMPESI-2221):	No driver rstn_pad/PAD is found in the delay stage for net rst_n.
**ERROR: (IMPESI-2221):	No driver rstn_pad/PAD is found in the delay stage for net rst_n.
**ERROR: (IMPESI-2221):	No driver rstn_pad/Y is found in the delay stage for net rst_n.
**ERROR: (IMPESI-2221):	No driver rstn_pad/Y is found in the delay stage for net rst_n.
**ERROR: (IMPESI-2221):	No driver rstn_pad/PAD is found in the delay stage for net rst_n.
**ERROR: (IMPESI-2221):	No driver rstn_pad/PAD is found in the delay stage for net rst_n.
**ERROR: (IMPESI-2221):	No driver rstn_pad/Y is found in the delay stage for net rst_n.
**ERROR: (IMPESI-2221):	No driver rstn_pad/Y is found in the delay stage for net rst_n.

Dumping Information for Job ...
**ERROR: (IMPESI-2221):	No driver wake_pad/PAD is found in the delay stage for net async_wakeup.
**ERROR: (IMPESI-2221):	No driver wake_pad/Y is found in the delay stage for net async_wakeup.
**ERROR: (IMPESI-2221):	No driver wake_pad/PAD is found in the delay stage for net async_wakeup.
**ERROR: (IMPESI-2221):	No driver wake_pad/Y is found in the delay stage for net async_wakeup.

**ERROR: (IMPESI-2221):	No driver wake_sync_pad/PAD is found in the delay stage for net wake_sync.
**ERROR: (IMPESI-2221):	No driver wake_sync_pad/PAD is found in the delay stage for net wake_sync.
Dumping Information for Job ...
**ERROR: (IMPESI-2221):	No driver wake_sync_pad/PAD is found in the delay stage for net wake_sync.
**ERROR: (IMPESI-2221):	No driver wake_sync_pad/PAD is found in the delay stage for net wake_sync.

Resize wake_ff_reg[0] (DFFRHQX1) to DFFRHQX2.
<CMD_INTERNAL> redraw
<CMD> get_time_unit
<CMD> report_timing -machine_readable -max_paths 10000 -max_slack 0.75 -path_exceptions all -early > top.mtarpt
<CMD> load_timing_debug_report -name default_report top.mtarpt -max_path_num 10000 -updateCategory 0
Parsing file top.mtarpt...
<CMD_INTERNAL> zoomSelected
<CMD_INTERNAL> zoomSelected
<CMD_INTERNAL> zoomSelected
<CMD_INTERNAL> zoomSelected
<CMD_INTERNAL> zoomSelected
<CMD> all_analysis_views
worst best
<CMD> all_setup_analysis_views
<CMD> all_hold_analysis_views
<CMD> get_analysis_view $view -delay_corner
<CMD> get_delay_corner $dc -rc_corner
<CMD> add_repeater -cell BUFX3 -net async_wakeup
#################################################################################
# Design Name: low_power_soc
# Design Mode: 65nm
# Analysis Mode: MMMC OCV 
# Parasitics Mode: SPEF/RCDB 
# Signoff Settings: SI On 
#################################################################################
**ERROR: (IMPOPT-6217):	Net 'async_wakeup' is a multi-driver net, and cannot be buffered by 'add_repeater' command.
**ERROR: (IMPSYT-7004):	Failed to execute add_repeater command.
<CMD_INTERNAL> redraw
<CMD_INTERNAL> zoomSelected
<CMD_INTERNAL> zoomSelected
<CMD> all_analysis_views
worst best
<CMD> all_setup_analysis_views
<CMD> all_hold_analysis_views
<CMD> get_analysis_view $view -delay_corner
<CMD> get_delay_corner $dc -rc_corner
<CMD> add_repeater -cell BUFX12 -net async_wakeup
#################################################################################
# Design Name: low_power_soc
# Design Mode: 65nm
# Analysis Mode: MMMC OCV 
# Parasitics Mode: SPEF/RCDB 
# Signoff Settings: SI On 
#################################################################################
**ERROR: (IMPOPT-6217):	Net 'async_wakeup' is a multi-driver net, and cannot be buffered by 'add_repeater' command.
**ERROR: (IMPSYT-7004):	Failed to execute add_repeater command.
<CMD_INTERNAL> redraw
<CMD_INTERNAL> zoomSelected
<CMD_INTERNAL> zoomSelected
<CMD> all_analysis_views
worst best
<CMD> all_setup_analysis_views
<CMD> all_hold_analysis_views
<CMD> get_analysis_view $view -delay_corner
<CMD> get_delay_corner $dc -rc_corner
<CMD> add_repeater -cell BUFX2 -net async_wakeup
#################################################################################
# Design Name: low_power_soc
# Design Mode: 65nm
# Analysis Mode: MMMC OCV 
# Parasitics Mode: SPEF/RCDB 
# Signoff Settings: SI On 
#################################################################################
**ERROR: (IMPOPT-6217):	Net 'async_wakeup' is a multi-driver net, and cannot be buffered by 'add_repeater' command.
**ERROR: (IMPSYT-7004):	Failed to execute add_repeater command.
<CMD_INTERNAL> redraw
<CMD> all_analysis_views
worst best
<CMD> all_setup_analysis_views
<CMD> all_hold_analysis_views
<CMD> get_analysis_view $view -delay_corner
<CMD> get_delay_corner $dc -rc_corner
<CMD> change_cell -inst {wake_ff_reg[0]} -cell DFFRHQX4
#################################################################################
# Design Name: low_power_soc
# Design Mode: 65nm
# Analysis Mode: MMMC OCV 
# Parasitics Mode: SPEF/RCDB 
# Signoff Settings: SI On 
#################################################################################
**ERROR: (IMPSP-365):	Design has inst(s) with SITE 'CoreSiteDouble', but the floorplan has no rows defined for this site. Any locations found for such insts will be illegal; create rows for this site to avoid this.
**ERROR: (IMPESI-2221):	No driver rstn_pad/PAD is found in the delay stage for net rst_n.
**ERROR: (IMPESI-2221):	No driver rstn_pad/PAD is found in the delay stage for net rst_n.
**ERROR: (IMPESI-2221):	No driver rstn_pad/Y is found in the delay stage for net rst_n.
**ERROR: (IMPESI-2221):	No driver rstn_pad/Y is found in the delay stage for net rst_n.
**ERROR: (IMPESI-2221):	No driver rstn_pad/PAD is found in the delay stage for net rst_n.
**ERROR: (IMPESI-2221):	No driver rstn_pad/PAD is found in the delay stage for net rst_n.
**ERROR: (IMPESI-2221):	No driver rstn_pad/Y is found in the delay stage for net rst_n.
**ERROR: (IMPESI-2221):	No driver rstn_pad/Y is found in the delay stage for net rst_n.
**ERROR: (IMPESI-2221):	No driver wake_pad/PAD is found in the delay stage for net async_wakeup.
**ERROR: (IMPESI-2221):	No driver wake_pad/Y is found in the delay stage for net async_wakeup.
**ERROR: (IMPESI-2221):	No driver wake_pad/PAD is found in the delay stage for net async_wakeup.
**ERROR: (IMPESI-2221):	No driver wake_pad/Y is found in the delay stage for net async_wakeup.
Dumping Information for Job ...
**ERROR: (IMPESI-2221):	No driver rstn_pad/PAD is found in the delay stage for net rst_n.
**ERROR: (IMPESI-2221):	No driver rstn_pad/PAD is found in the delay stage for net rst_n.
**ERROR: (IMPESI-2221):	No driver rstn_pad/Y is found in the delay stage for net rst_n.
**ERROR: (IMPESI-2221):	No driver rstn_pad/Y is found in the delay stage for net rst_n.
**ERROR: (IMPESI-2221):	No driver rstn_pad/PAD is found in the delay stage for net rst_n.
**ERROR: (IMPESI-2221):	No driver rstn_pad/PAD is found in the delay stage for net rst_n.
**ERROR: (IMPESI-2221):	No driver rstn_pad/Y is found in the delay stage for net rst_n.
**ERROR: (IMPESI-2221):	No driver rstn_pad/Y is found in the delay stage for net rst_n.

Dumping Information for Job ...
**ERROR: (IMPESI-2221):	No driver wake_pad/PAD is found in the delay stage for net async_wakeup.
**ERROR: (IMPESI-2221):	No driver wake_pad/Y is found in the delay stage for net async_wakeup.
**ERROR: (IMPESI-2221):	No driver wake_pad/PAD is found in the delay stage for net async_wakeup.
**ERROR: (IMPESI-2221):	No driver wake_pad/Y is found in the delay stage for net async_wakeup.

**ERROR: (IMPESI-2221):	No driver wake_sync_pad/PAD is found in the delay stage for net wake_sync.
**ERROR: (IMPESI-2221):	No driver wake_sync_pad/PAD is found in the delay stage for net wake_sync.
Dumping Information for Job ...
**ERROR: (IMPESI-2221):	No driver wake_sync_pad/PAD is found in the delay stage for net wake_sync.
**ERROR: (IMPESI-2221):	No driver wake_sync_pad/PAD is found in the delay stage for net wake_sync.

Resize wake_ff_reg[0] (DFFRHQX2) to DFFRHQX4.
<CMD_INTERNAL> redraw
<CMD> get_time_unit
<CMD> report_timing -machine_readable -max_paths 10000 -max_slack 0.75 -path_exceptions all -early > top.mtarpt
<CMD> load_timing_debug_report -name default_report top.mtarpt -max_path_num 10000 -updateCategory 0
Parsing file top.mtarpt...
<CMD> get_time_unit
<CMD> report_timing -machine_readable -max_paths 10000 -max_slack 0.75 -path_exceptions all -late > top.mtarpt
<CMD> load_timing_debug_report -name default_report top.mtarpt -max_path_num 10000 -updateCategory 0
Parsing file top.mtarpt...
<CMD_INTERNAL> zoomSelected
<CMD_INTERNAL> zoomSelected
<CMD_INTERNAL> zoomSelected
<CMD_INTERNAL> zoomSelected
<CMD> all_analysis_views
worst best
<CMD> all_setup_analysis_views
<CMD> all_hold_analysis_views
<CMD> get_analysis_view $view -delay_corner
<CMD> get_delay_corner $dc -rc_corner
<CMD> change_cell -inst uart_en_latched_reg -cell DFFNSRX2
#################################################################################
# Design Name: low_power_soc
# Design Mode: 65nm
# Analysis Mode: MMMC OCV 
# Parasitics Mode: SPEF/RCDB 
# Signoff Settings: SI On 
#################################################################################
**ERROR: (IMPSP-365):	Design has inst(s) with SITE 'CoreSiteDouble', but the floorplan has no rows defined for this site. Any locations found for such insts will be illegal; create rows for this site to avoid this.
**ERROR: (IMPESI-2221):	No driver rstn_pad/PAD is found in the delay stage for net rst_n.
**ERROR: (IMPESI-2221):	No driver rstn_pad/PAD is found in the delay stage for net rst_n.
**ERROR: (IMPESI-2221):	No driver rstn_pad/Y is found in the delay stage for net rst_n.
**ERROR: (IMPESI-2221):	No driver rstn_pad/Y is found in the delay stage for net rst_n.
**ERROR: (IMPESI-2221):	No driver rstn_pad/PAD is found in the delay stage for net rst_n.
**ERROR: (IMPESI-2221):	No driver rstn_pad/PAD is found in the delay stage for net rst_n.
**ERROR: (IMPESI-2221):	No driver rstn_pad/Y is found in the delay stage for net rst_n.
**ERROR: (IMPESI-2221):	No driver rstn_pad/Y is found in the delay stage for net rst_n.
Dumping Information for Job ...
**ERROR: (IMPESI-2221):	No driver rstn_pad/PAD is found in the delay stage for net rst_n.
**ERROR: (IMPESI-2221):	No driver rstn_pad/PAD is found in the delay stage for net rst_n.
**ERROR: (IMPESI-2221):	No driver rstn_pad/Y is found in the delay stage for net rst_n.
**ERROR: (IMPESI-2221):	No driver rstn_pad/Y is found in the delay stage for net rst_n.
**ERROR: (IMPESI-2221):	No driver rstn_pad/PAD is found in the delay stage for net rst_n.
**ERROR: (IMPESI-2221):	No driver rstn_pad/PAD is found in the delay stage for net rst_n.
**ERROR: (IMPESI-2221):	No driver rstn_pad/Y is found in the delay stage for net rst_n.
**ERROR: (IMPESI-2221):	No driver rstn_pad/Y is found in the delay stage for net rst_n.

Resize uart_en_latched_reg (DFFNSRX4) to DFFNSRX2.
<CMD_INTERNAL> redraw
<CMD> get_time_unit
<CMD> report_timing -machine_readable -max_paths 10000 -max_slack 0.75 -path_exceptions all -late > top.mtarpt
<CMD> load_timing_debug_report -name default_report top.mtarpt -max_path_num 10000 -updateCategory 0
Parsing file top.mtarpt...
<CMD_INTERNAL> zoomSelected
<CMD_INTERNAL> zoomSelected
<CMD> all_analysis_views
worst best
<CMD> all_setup_analysis_views
<CMD> all_hold_analysis_views
<CMD> get_analysis_view $view -delay_corner
<CMD> get_delay_corner $dc -rc_corner
<CMD> change_cell -inst uart_en_latched_reg -cell DFFNSRX4
#################################################################################
# Design Name: low_power_soc
# Design Mode: 65nm
# Analysis Mode: MMMC OCV 
# Parasitics Mode: SPEF/RCDB 
# Signoff Settings: SI On 
#################################################################################
**ERROR: (IMPSP-365):	Design has inst(s) with SITE 'CoreSiteDouble', but the floorplan has no rows defined for this site. Any locations found for such insts will be illegal; create rows for this site to avoid this.
**ERROR: (IMPESI-2221):	No driver rstn_pad/PAD is found in the delay stage for net rst_n.
**ERROR: (IMPESI-2221):	No driver rstn_pad/PAD is found in the delay stage for net rst_n.
**ERROR: (IMPESI-2221):	No driver rstn_pad/Y is found in the delay stage for net rst_n.
**ERROR: (IMPESI-2221):	No driver rstn_pad/Y is found in the delay stage for net rst_n.
**ERROR: (IMPESI-2221):	No driver rstn_pad/PAD is found in the delay stage for net rst_n.
**ERROR: (IMPESI-2221):	No driver rstn_pad/PAD is found in the delay stage for net rst_n.
**ERROR: (IMPESI-2221):	No driver rstn_pad/Y is found in the delay stage for net rst_n.
**ERROR: (IMPESI-2221):	No driver rstn_pad/Y is found in the delay stage for net rst_n.
Dumping Information for Job ...
**ERROR: (IMPESI-2221):	No driver rstn_pad/PAD is found in the delay stage for net rst_n.
**ERROR: (IMPESI-2221):	No driver rstn_pad/PAD is found in the delay stage for net rst_n.
**ERROR: (IMPESI-2221):	No driver rstn_pad/Y is found in the delay stage for net rst_n.
**ERROR: (IMPESI-2221):	No driver rstn_pad/Y is found in the delay stage for net rst_n.
**ERROR: (IMPESI-2221):	No driver rstn_pad/PAD is found in the delay stage for net rst_n.
**ERROR: (IMPESI-2221):	No driver rstn_pad/PAD is found in the delay stage for net rst_n.
**ERROR: (IMPESI-2221):	No driver rstn_pad/Y is found in the delay stage for net rst_n.
**ERROR: (IMPESI-2221):	No driver rstn_pad/Y is found in the delay stage for net rst_n.

Resize uart_en_latched_reg (DFFNSRX2) to DFFNSRX4.
<CMD_INTERNAL> redraw
<CMD> get_time_unit
<CMD> report_timing -machine_readable -max_paths 10000 -max_slack 0.75 -path_exceptions all -late > top.mtarpt
<CMD> load_timing_debug_report -name default_report top.mtarpt -max_path_num 10000 -updateCategory 0
Parsing file top.mtarpt...
<CMD_INTERNAL> zoomSelected
<CMD_INTERNAL> zoomSelected
<CMD> all_analysis_views
worst best
<CMD> all_setup_analysis_views
<CMD> all_hold_analysis_views
<CMD> get_analysis_view $view -delay_corner
<CMD> get_delay_corner $dc -rc_corner
<CMD> change_cell -inst {wake_ff_reg[1]} -cell DFFRHQX2
#################################################################################
# Design Name: low_power_soc
# Design Mode: 65nm
# Analysis Mode: MMMC OCV 
# Parasitics Mode: SPEF/RCDB 
# Signoff Settings: SI On 
#################################################################################
**ERROR: (IMPSP-365):	Design has inst(s) with SITE 'CoreSiteDouble', but the floorplan has no rows defined for this site. Any locations found for such insts will be illegal; create rows for this site to avoid this.
**ERROR: (IMPESI-2221):	No driver rstn_pad/PAD is found in the delay stage for net rst_n.
**ERROR: (IMPESI-2221):	No driver rstn_pad/PAD is found in the delay stage for net rst_n.
**ERROR: (IMPESI-2221):	No driver rstn_pad/Y is found in the delay stage for net rst_n.
**ERROR: (IMPESI-2221):	No driver rstn_pad/Y is found in the delay stage for net rst_n.
**ERROR: (IMPESI-2221):	No driver rstn_pad/PAD is found in the delay stage for net rst_n.
**ERROR: (IMPESI-2221):	No driver rstn_pad/PAD is found in the delay stage for net rst_n.
**ERROR: (IMPESI-2221):	No driver rstn_pad/Y is found in the delay stage for net rst_n.
**ERROR: (IMPESI-2221):	No driver rstn_pad/Y is found in the delay stage for net rst_n.
**ERROR: (IMPESI-2221):	No driver wake_sync_pad/PAD is found in the delay stage for net wake_sync.
**ERROR: (IMPESI-2221):	No driver wake_sync_pad/PAD is found in the delay stage for net wake_sync.
Dumping Information for Job ...
**ERROR: (IMPESI-2221):	No driver rstn_pad/PAD is found in the delay stage for net rst_n.
**ERROR: (IMPESI-2221):	No driver rstn_pad/PAD is found in the delay stage for net rst_n.
**ERROR: (IMPESI-2221):	No driver rstn_pad/Y is found in the delay stage for net rst_n.
**ERROR: (IMPESI-2221):	No driver rstn_pad/Y is found in the delay stage for net rst_n.
**ERROR: (IMPESI-2221):	No driver rstn_pad/PAD is found in the delay stage for net rst_n.
**ERROR: (IMPESI-2221):	No driver rstn_pad/PAD is found in the delay stage for net rst_n.
**ERROR: (IMPESI-2221):	No driver rstn_pad/Y is found in the delay stage for net rst_n.
**ERROR: (IMPESI-2221):	No driver rstn_pad/Y is found in the delay stage for net rst_n.

Dumping Information for Job ...
**ERROR: (IMPESI-2221):	No driver wake_sync_pad/PAD is found in the delay stage for net wake_sync.
**ERROR: (IMPESI-2221):	No driver wake_sync_pad/PAD is found in the delay stage for net wake_sync.

Resize wake_ff_reg[1] (DFFRHQX1) to DFFRHQX2.
<CMD_INTERNAL> redraw
<CMD> get_time_unit
<CMD> report_timing -machine_readable -max_paths 10000 -max_slack 0.75 -path_exceptions all -late > top.mtarpt
<CMD> load_timing_debug_report -name default_report top.mtarpt -max_path_num 10000 -updateCategory 0
Parsing file top.mtarpt...
<CMD_INTERNAL> zoomSelected
<CMD_INTERNAL> zoomSelected
<CMD> all_analysis_views
worst best
<CMD> all_setup_analysis_views
<CMD> all_hold_analysis_views
<CMD> get_analysis_view $view -delay_corner
<CMD> get_delay_corner $dc -rc_corner
<CMD> change_cell -inst {wake_ff_reg[1]} -cell DFFRHQX4
#################################################################################
# Design Name: low_power_soc
# Design Mode: 65nm
# Analysis Mode: MMMC OCV 
# Parasitics Mode: SPEF/RCDB 
# Signoff Settings: SI On 
#################################################################################
**ERROR: (IMPSP-365):	Design has inst(s) with SITE 'CoreSiteDouble', but the floorplan has no rows defined for this site. Any locations found for such insts will be illegal; create rows for this site to avoid this.
**ERROR: (IMPESI-2221):	No driver rstn_pad/PAD is found in the delay stage for net rst_n.
**ERROR: (IMPESI-2221):	No driver rstn_pad/PAD is found in the delay stage for net rst_n.
**ERROR: (IMPESI-2221):	No driver rstn_pad/Y is found in the delay stage for net rst_n.
**ERROR: (IMPESI-2221):	No driver rstn_pad/Y is found in the delay stage for net rst_n.
**ERROR: (IMPESI-2221):	No driver rstn_pad/PAD is found in the delay stage for net rst_n.
**ERROR: (IMPESI-2221):	No driver rstn_pad/PAD is found in the delay stage for net rst_n.
**ERROR: (IMPESI-2221):	No driver rstn_pad/Y is found in the delay stage for net rst_n.
**ERROR: (IMPESI-2221):	No driver rstn_pad/Y is found in the delay stage for net rst_n.
**ERROR: (IMPESI-2221):	No driver wake_sync_pad/PAD is found in the delay stage for net wake_sync.
**ERROR: (IMPESI-2221):	No driver wake_sync_pad/PAD is found in the delay stage for net wake_sync.
Dumping Information for Job ...
**ERROR: (IMPESI-2221):	No driver rstn_pad/PAD is found in the delay stage for net rst_n.
**ERROR: (IMPESI-2221):	No driver rstn_pad/PAD is found in the delay stage for net rst_n.
**ERROR: (IMPESI-2221):	No driver rstn_pad/Y is found in the delay stage for net rst_n.
**ERROR: (IMPESI-2221):	No driver rstn_pad/Y is found in the delay stage for net rst_n.
**ERROR: (IMPESI-2221):	No driver rstn_pad/PAD is found in the delay stage for net rst_n.
**ERROR: (IMPESI-2221):	No driver rstn_pad/PAD is found in the delay stage for net rst_n.
**ERROR: (IMPESI-2221):	No driver rstn_pad/Y is found in the delay stage for net rst_n.
**ERROR: (IMPESI-2221):	No driver rstn_pad/Y is found in the delay stage for net rst_n.

Dumping Information for Job ...
**ERROR: (IMPESI-2221):	No driver wake_sync_pad/PAD is found in the delay stage for net wake_sync.
**ERROR: (IMPESI-2221):	No driver wake_sync_pad/PAD is found in the delay stage for net wake_sync.

**ERROR: (IMPESI-2221):	No driver wake_sync_pad/PAD is found in the delay stage for net wake_sync.
**ERROR: (IMPESI-2221):	No driver wake_sync_pad/PAD is found in the delay stage for net wake_sync.
Dumping Information for Job ...
**ERROR: (IMPESI-2221):	No driver wake_sync_pad/PAD is found in the delay stage for net wake_sync.
**ERROR: (IMPESI-2221):	No driver wake_sync_pad/PAD is found in the delay stage for net wake_sync.

Resize wake_ff_reg[1] (DFFRHQX2) to DFFRHQX4.
<CMD_INTERNAL> redraw
<CMD> get_time_unit
<CMD> report_timing -machine_readable -max_paths 10000 -max_slack 0.75 -path_exceptions all -late > top.mtarpt
<CMD> load_timing_debug_report -name default_report top.mtarpt -max_path_num 10000 -updateCategory 0
Parsing file top.mtarpt...
<CMD_INTERNAL> zoomSelected
<CMD_INTERNAL> zoomSelected
<CMD> all_analysis_views
worst best
<CMD> all_setup_analysis_views
<CMD> all_hold_analysis_views
<CMD> get_analysis_view $view -delay_corner
<CMD> get_delay_corner $dc -rc_corner
<CMD> change_cell -inst {wake_ff_reg[1]} -cell DFFRHQX8
#################################################################################
# Design Name: low_power_soc
# Design Mode: 65nm
# Analysis Mode: MMMC OCV 
# Parasitics Mode: SPEF/RCDB 
# Signoff Settings: SI On 
#################################################################################
**ERROR: (IMPSP-365):	Design has inst(s) with SITE 'CoreSiteDouble', but the floorplan has no rows defined for this site. Any locations found for such insts will be illegal; create rows for this site to avoid this.
**ERROR: (IMPESI-2221):	No driver rstn_pad/PAD is found in the delay stage for net rst_n.
**ERROR: (IMPESI-2221):	No driver rstn_pad/PAD is found in the delay stage for net rst_n.
**ERROR: (IMPESI-2221):	No driver rstn_pad/Y is found in the delay stage for net rst_n.
**ERROR: (IMPESI-2221):	No driver rstn_pad/Y is found in the delay stage for net rst_n.
**ERROR: (IMPESI-2221):	No driver rstn_pad/PAD is found in the delay stage for net rst_n.
**ERROR: (IMPESI-2221):	No driver rstn_pad/PAD is found in the delay stage for net rst_n.
**ERROR: (IMPESI-2221):	No driver rstn_pad/Y is found in the delay stage for net rst_n.
**ERROR: (IMPESI-2221):	No driver rstn_pad/Y is found in the delay stage for net rst_n.
**ERROR: (IMPESI-2221):	No driver wake_sync_pad/PAD is found in the delay stage for net wake_sync.
**ERROR: (IMPESI-2221):	No driver wake_sync_pad/PAD is found in the delay stage for net wake_sync.
Dumping Information for Job ...
**ERROR: (IMPESI-2221):	No driver rstn_pad/PAD is found in the delay stage for net rst_n.
**ERROR: (IMPESI-2221):	No driver rstn_pad/PAD is found in the delay stage for net rst_n.
**ERROR: (IMPESI-2221):	No driver rstn_pad/Y is found in the delay stage for net rst_n.
**ERROR: (IMPESI-2221):	No driver rstn_pad/Y is found in the delay stage for net rst_n.
**ERROR: (IMPESI-2221):	No driver rstn_pad/PAD is found in the delay stage for net rst_n.
**ERROR: (IMPESI-2221):	No driver rstn_pad/PAD is found in the delay stage for net rst_n.
**ERROR: (IMPESI-2221):	No driver rstn_pad/Y is found in the delay stage for net rst_n.
**ERROR: (IMPESI-2221):	No driver rstn_pad/Y is found in the delay stage for net rst_n.

Dumping Information for Job ...
**ERROR: (IMPESI-2221):	No driver wake_sync_pad/PAD is found in the delay stage for net wake_sync.
**ERROR: (IMPESI-2221):	No driver wake_sync_pad/PAD is found in the delay stage for net wake_sync.

**ERROR: (IMPESI-2221):	No driver wake_sync_pad/PAD is found in the delay stage for net wake_sync.
**ERROR: (IMPESI-2221):	No driver wake_sync_pad/PAD is found in the delay stage for net wake_sync.
Dumping Information for Job ...
**ERROR: (IMPESI-2221):	No driver wake_sync_pad/PAD is found in the delay stage for net wake_sync.
**ERROR: (IMPESI-2221):	No driver wake_sync_pad/PAD is found in the delay stage for net wake_sync.

Resize wake_ff_reg[1] (DFFRHQX4) to DFFRHQX8.
<CMD_INTERNAL> redraw
<CMD> get_time_unit
<CMD> report_timing -machine_readable -max_paths 10000 -max_slack 0.75 -path_exceptions all -late > top.mtarpt
<CMD> load_timing_debug_report -name default_report top.mtarpt -max_path_num 10000 -updateCategory 0
Parsing file top.mtarpt...
<CMD> get_time_unit
<CMD> report_timing -machine_readable -max_paths 10000 -max_slack 0.75 -path_exceptions all -early > top.mtarpt
<CMD> load_timing_debug_report -name default_report top.mtarpt -max_path_num 10000 -updateCategory 0
Parsing file top.mtarpt...
<CMD_INTERNAL> zoomSelected
<CMD_INTERNAL> zoomSelected
<CMD> get_time_unit
<CMD> report_timing -machine_readable -max_paths 10000 -max_slack 0.75 -path_exceptions all -late > top.mtarpt
<CMD> load_timing_debug_report -name default_report top.mtarpt -max_path_num 10000 -updateCategory 0
Parsing file top.mtarpt...
<CMD_INTERNAL> zoomSelected
<CMD_INTERNAL> zoomSelected
<CMD> all_analysis_views
worst best
<CMD> all_setup_analysis_views
<CMD> all_hold_analysis_views
<CMD> get_analysis_view $view -delay_corner
<CMD> get_delay_corner $dc -rc_corner
<CMD_INTERNAL> zoomSelected
<CMD_INTERNAL> zoomSelected
<CMD> all_analysis_views
worst best
<CMD> all_setup_analysis_views
<CMD> all_hold_analysis_views
<CMD> get_analysis_view $view -delay_corner
<CMD> get_delay_corner $dc -rc_corner
<CMD> all_analysis_views
worst best
<CMD> all_setup_analysis_views
<CMD> all_hold_analysis_views
<CMD> get_analysis_view $view -delay_corner
<CMD> get_delay_corner $dc -rc_corner
<CMD> change_cell -inst g242 -cell CLKINVX20
#################################################################################
# Design Name: low_power_soc
# Design Mode: 65nm
# Analysis Mode: MMMC OCV 
# Parasitics Mode: SPEF/RCDB 
# Signoff Settings: SI On 
#################################################################################
**ERROR: (IMPSP-365):	Design has inst(s) with SITE 'CoreSiteDouble', but the floorplan has no rows defined for this site. Any locations found for such insts will be illegal; create rows for this site to avoid this.
**ERROR: (IMPESI-2221):	No driver wake_sync_pad/PAD is found in the delay stage for net wake_sync.
**ERROR: (IMPESI-2221):	No driver wake_sync_pad/PAD is found in the delay stage for net wake_sync.
Dumping Information for Job ...
**ERROR: (IMPESI-2221):	No driver wake_sync_pad/PAD is found in the delay stage for net wake_sync.
**ERROR: (IMPESI-2221):	No driver wake_sync_pad/PAD is found in the delay stage for net wake_sync.

Resize g242 (CLKINVX8) to CLKINVX20.
<CMD_INTERNAL> redraw
<CMD> get_time_unit
<CMD> report_timing -machine_readable -max_paths 10000 -max_slack 0.75 -path_exceptions all -late > top.mtarpt
<CMD> load_timing_debug_report -name default_report top.mtarpt -max_path_num 10000 -updateCategory 0
Parsing file top.mtarpt...
<CMD_INTERNAL> zoomSelected
<CMD_INTERNAL> zoomSelected
<CMD_INTERNAL> zoomSelected
<CMD> all_analysis_views
worst best
<CMD> all_setup_analysis_views
<CMD> all_hold_analysis_views
<CMD> get_analysis_view $view -delay_corner
<CMD> get_delay_corner $dc -rc_corner
<CMD> change_cell -inst FE_RC_0_0 -cell NAND2X6
#################################################################################
# Design Name: low_power_soc
# Design Mode: 65nm
# Analysis Mode: MMMC OCV 
# Parasitics Mode: SPEF/RCDB 
# Signoff Settings: SI On 
#################################################################################
**ERROR: (IMPSP-365):	Design has inst(s) with SITE 'CoreSiteDouble', but the floorplan has no rows defined for this site. Any locations found for such insts will be illegal; create rows for this site to avoid this.
Resize FE_RC_0_0 (NAND2X4) to NAND2X6.
<CMD_INTERNAL> redraw
<CMD> change_cell -inst FE_RC_0_0 -cell NAND2X6
#################################################################################
# Design Name: low_power_soc
# Design Mode: 65nm
# Analysis Mode: MMMC OCV 
# Parasitics Mode: SPEF/RCDB 
# Signoff Settings: SI On 
#################################################################################
**ERROR: (IMPSP-365):	Design has inst(s) with SITE 'CoreSiteDouble', but the floorplan has no rows defined for this site. Any locations found for such insts will be illegal; create rows for this site to avoid this.
Resize FE_RC_0_0 (NAND2X6) to NAND2X6.
<CMD_INTERNAL> redraw
<CMD> get_time_unit
<CMD> report_timing -machine_readable -max_paths 10000 -max_slack 0.75 -path_exceptions all -late > top.mtarpt
<CMD> load_timing_debug_report -name default_report top.mtarpt -max_path_num 10000 -updateCategory 0
Parsing file top.mtarpt...
<CMD_INTERNAL> zoomSelected
<CMD_INTERNAL> zoomSelected
<CMD> all_analysis_views
worst best
<CMD> all_setup_analysis_views
<CMD> all_hold_analysis_views
<CMD> get_analysis_view $view -delay_corner
<CMD> get_delay_corner $dc -rc_corner
<CMD> change_cell -inst g242 -cell CLKINVX8
#################################################################################
# Design Name: low_power_soc
# Design Mode: 65nm
# Analysis Mode: MMMC OCV 
# Parasitics Mode: SPEF/RCDB 
# Signoff Settings: SI On 
#################################################################################
**ERROR: (IMPSP-365):	Design has inst(s) with SITE 'CoreSiteDouble', but the floorplan has no rows defined for this site. Any locations found for such insts will be illegal; create rows for this site to avoid this.
**ERROR: (IMPESI-2221):	No driver wake_sync_pad/PAD is found in the delay stage for net wake_sync.
**ERROR: (IMPESI-2221):	No driver wake_sync_pad/PAD is found in the delay stage for net wake_sync.
Dumping Information for Job ...
**ERROR: (IMPESI-2221):	No driver wake_sync_pad/PAD is found in the delay stage for net wake_sync.
**ERROR: (IMPESI-2221):	No driver wake_sync_pad/PAD is found in the delay stage for net wake_sync.

Resize g242 (CLKINVX20) to CLKINVX8.
<CMD_INTERNAL> redraw
<CMD> change_cell -inst {wake_ff_reg[1]} -cell DFFRHQX8
#################################################################################
# Design Name: low_power_soc
# Design Mode: 65nm
# Analysis Mode: MMMC OCV 
# Parasitics Mode: SPEF/RCDB 
# Signoff Settings: SI On 
#################################################################################
**ERROR: (IMPSP-365):	Design has inst(s) with SITE 'CoreSiteDouble', but the floorplan has no rows defined for this site. Any locations found for such insts will be illegal; create rows for this site to avoid this.
Resize wake_ff_reg[1] (DFFRHQX8) to DFFRHQX8.
<CMD_INTERNAL> redraw
<CMD> get_time_unit
<CMD> report_timing -machine_readable -max_paths 10000 -max_slack 0.75 -path_exceptions all -late > top.mtarpt
<CMD> load_timing_debug_report -name default_report top.mtarpt -max_path_num 10000 -updateCategory 0
Parsing file top.mtarpt...
<CMD_INTERNAL> zoomSelected
<CMD_INTERNAL> zoomSelected
<CMD_INTERNAL> zoomSelected
<CMD> all_analysis_views
worst best
<CMD> all_setup_analysis_views
<CMD> all_hold_analysis_views
<CMD> get_analysis_view $view -delay_corner
<CMD> get_delay_corner $dc -rc_corner
<CMD> change_cell -inst g181__2398 -cell AND2X2
#################################################################################
# Design Name: low_power_soc
# Design Mode: 65nm
# Analysis Mode: MMMC OCV 
# Parasitics Mode: SPEF/RCDB 
# Signoff Settings: SI On 
#################################################################################
**ERROR: (IMPSP-365):	Design has inst(s) with SITE 'CoreSiteDouble', but the floorplan has no rows defined for this site. Any locations found for such insts will be illegal; create rows for this site to avoid this.
Resize g181__2398 (AND2XL) to AND2X2.
<CMD_INTERNAL> redraw
<CMD> get_time_unit
<CMD> report_timing -machine_readable -max_paths 10000 -max_slack 0.75 -path_exceptions all -late > top.mtarpt
<CMD> load_timing_debug_report -name default_report top.mtarpt -max_path_num 10000 -updateCategory 0
Parsing file top.mtarpt...
<CMD_INTERNAL> zoomSelected
<CMD_INTERNAL> zoomSelected
<CMD> all_analysis_views
worst best
<CMD> all_setup_analysis_views
<CMD> all_hold_analysis_views
<CMD> get_analysis_view $view -delay_corner
<CMD> get_delay_corner $dc -rc_corner
<CMD> all_analysis_views
worst best
<CMD> all_setup_analysis_views
<CMD> all_hold_analysis_views
<CMD> get_analysis_view $view -delay_corner
<CMD> get_delay_corner $dc -rc_corner
<CMD> add_repeater -cell BUFX2 -net wake_sync
#################################################################################
# Design Name: low_power_soc
# Design Mode: 65nm
# Analysis Mode: MMMC OCV 
# Parasitics Mode: SPEF/RCDB 
# Signoff Settings: SI On 
#################################################################################
**ERROR: (IMPOPT-6217):	Net 'wake_sync' is a multi-driver net, and cannot be buffered by 'add_repeater' command.
**ERROR: (IMPSYT-7004):	Failed to execute add_repeater command.
<CMD_INTERNAL> redraw

--------------------------------------------------------------------------------
Exiting Tempus Timing Signoff Solution on Sat Aug 29 09:44:15 2026
  Total CPU time:     0:03:10
  Total real time:    0:21:42
  Peak memory (main): 2008.00MB


*** Memory Usage v#1 (Current mem = 2387.617M, initial mem = 481.699M) ***

*** Summary of all messages that are not suppressed in this session:
Severity  ID               Count  Summary                                  
WARNING   IMPLF-200           26  Pin '%s' in macro '%s' has no ANTENNAGAT...
WARNING   IMPLF-201           10  Pin '%s' in macro '%s' has no ANTENNADIF...
WARNING   IMPFP-3961           6  The techSite '%s' has no related standar...
WARNING   UI-638               1  The %s to the command '%s' %s ignored si...
WARNING   UI-156              71  preference name '%s' is not supported in...
ERROR     IMPSYT-7004         16  %s                                       
WARNING   IMPSYC-3133          2  The unloadTimingCon command is not suppo...
WARNING   IMPSYC-6134          1  Setting analysis mode to %s does not hav...
ERROR     IMPESI-2221         82  No driver %s is found in the delay stage...
ERROR     IMPSP-365           13  Design has inst(s) with SITE '%s', but t...
ERROR     IMPOPT-6217          8  Net '%s' is a multi-driver net, and cann...
WARNING   IMPCCOPT-2332        6  The property %s is deprecated. It still ...
WARNING   NRIF-90              1  Option setNanoRouteMode -routeBottomRout...
WARNING   NRIF-91              1  Option setNanoRouteMode -routeTopRouting...
WARNING   IMPCTE-107           1  The following globals have been obsolete...
WARNING   IMPTCM-77            1  Option "%s" for command %s is obsolete a...
WARNING   TCLCMD-1234          1  In multi-mode, multi-corner analysis mod...
WARNING   TCLCMD-1263          1  The -frame parameter is obsolete and wil...
WARNING   TECHLIB-302          2  No function defined for cell '%s'. The c...
*** Message Summary: 131 warning(s), 119 error(s)

--- Ending "Tempus Timing Signoff Solution" (totcpu=0:03:08, real=0:21:33, mem=2387.6M) ---
